Archive member included to satisfy reference by file (symbol)

/opt/st/stm32cubeide_1.5.1/plugins/com.st.stm32cube.ide.mcu.externaltools.gnu-tools-for-stm32.7-2018-q2-update.linux64_1.5.0.202011040924/tools/bin/../lib/gcc/arm-none-eabi/7.3.1/../../../../arm-none-eabi/lib/thumb/v7e-m/fpv4-sp/hard/libc_nano.a(lib_a-errno.o)
                              Core/Src/syscalls.o (__errno)
/opt/st/stm32cubeide_1.5.1/plugins/com.st.stm32cube.ide.mcu.externaltools.gnu-tools-for-stm32.7-2018-q2-update.linux64_1.5.0.202011040924/tools/bin/../lib/gcc/arm-none-eabi/7.3.1/../../../../arm-none-eabi/lib/thumb/v7e-m/fpv4-sp/hard/libc_nano.a(lib_a-exit.o)
                              /opt/st/stm32cubeide_1.5.1/plugins/com.st.stm32cube.ide.mcu.externaltools.gnu-tools-for-stm32.7-2018-q2-update.linux64_1.5.0.202011040924/tools/bin/../lib/gcc/arm-none-eabi/7.3.1/../../../../arm-none-eabi/lib/thumb/v7e-m/fpv4-sp/hard/crt0.o (exit)
/opt/st/stm32cubeide_1.5.1/plugins/com.st.stm32cube.ide.mcu.externaltools.gnu-tools-for-stm32.7-2018-q2-update.linux64_1.5.0.202011040924/tools/bin/../lib/gcc/arm-none-eabi/7.3.1/../../../../arm-none-eabi/lib/thumb/v7e-m/fpv4-sp/hard/libc_nano.a(lib_a-impure.o)
                              /opt/st/stm32cubeide_1.5.1/plugins/com.st.stm32cube.ide.mcu.externaltools.gnu-tools-for-stm32.7-2018-q2-update.linux64_1.5.0.202011040924/tools/bin/../lib/gcc/arm-none-eabi/7.3.1/../../../../arm-none-eabi/lib/thumb/v7e-m/fpv4-sp/hard/libc_nano.a(lib_a-exit.o) (_global_impure_ptr)
/opt/st/stm32cubeide_1.5.1/plugins/com.st.stm32cube.ide.mcu.externaltools.gnu-tools-for-stm32.7-2018-q2-update.linux64_1.5.0.202011040924/tools/bin/../lib/gcc/arm-none-eabi/7.3.1/../../../../arm-none-eabi/lib/thumb/v7e-m/fpv4-sp/hard/libc_nano.a(lib_a-init.o)
                              /opt/st/stm32cubeide_1.5.1/plugins/com.st.stm32cube.ide.mcu.externaltools.gnu-tools-for-stm32.7-2018-q2-update.linux64_1.5.0.202011040924/tools/bin/../lib/gcc/arm-none-eabi/7.3.1/../../../../arm-none-eabi/lib/thumb/v7e-m/fpv4-sp/hard/crt0.o (__libc_init_array)
/opt/st/stm32cubeide_1.5.1/plugins/com.st.stm32cube.ide.mcu.externaltools.gnu-tools-for-stm32.7-2018-q2-update.linux64_1.5.0.202011040924/tools/bin/../lib/gcc/arm-none-eabi/7.3.1/../../../../arm-none-eabi/lib/thumb/v7e-m/fpv4-sp/hard/libc_nano.a(lib_a-memcmp.o)
                              Core/Src/fops.o (memcmp)
/opt/st/stm32cubeide_1.5.1/plugins/com.st.stm32cube.ide.mcu.externaltools.gnu-tools-for-stm32.7-2018-q2-update.linux64_1.5.0.202011040924/tools/bin/../lib/gcc/arm-none-eabi/7.3.1/../../../../arm-none-eabi/lib/thumb/v7e-m/fpv4-sp/hard/libc_nano.a(lib_a-memcpy-stub.o)
                              FreeRTOS/queue.o (memcpy)
/opt/st/stm32cubeide_1.5.1/plugins/com.st.stm32cube.ide.mcu.externaltools.gnu-tools-for-stm32.7-2018-q2-update.linux64_1.5.0.202011040924/tools/bin/../lib/gcc/arm-none-eabi/7.3.1/../../../../arm-none-eabi/lib/thumb/v7e-m/fpv4-sp/hard/libc_nano.a(lib_a-memset.o)
                              /opt/st/stm32cubeide_1.5.1/plugins/com.st.stm32cube.ide.mcu.externaltools.gnu-tools-for-stm32.7-2018-q2-update.linux64_1.5.0.202011040924/tools/bin/../lib/gcc/arm-none-eabi/7.3.1/../../../../arm-none-eabi/lib/thumb/v7e-m/fpv4-sp/hard/crt0.o (memset)
/opt/st/stm32cubeide_1.5.1/plugins/com.st.stm32cube.ide.mcu.externaltools.gnu-tools-for-stm32.7-2018-q2-update.linux64_1.5.0.202011040924/tools/bin/../lib/gcc/arm-none-eabi/7.3.1/../../../../arm-none-eabi/lib/thumb/v7e-m/fpv4-sp/hard/libc_nano.a(lib_a-printf.o)
                              Core/Src/fatfs.o (printf)
/opt/st/stm32cubeide_1.5.1/plugins/com.st.stm32cube.ide.mcu.externaltools.gnu-tools-for-stm32.7-2018-q2-update.linux64_1.5.0.202011040924/tools/bin/../lib/gcc/arm-none-eabi/7.3.1/../../../../arm-none-eabi/lib/thumb/v7e-m/fpv4-sp/hard/libc_nano.a(lib_a-puts.o)
                              Core/Src/main.o (puts)
/opt/st/stm32cubeide_1.5.1/plugins/com.st.stm32cube.ide.mcu.externaltools.gnu-tools-for-stm32.7-2018-q2-update.linux64_1.5.0.202011040924/tools/bin/../lib/gcc/arm-none-eabi/7.3.1/../../../../arm-none-eabi/lib/thumb/v7e-m/fpv4-sp/hard/libc_nano.a(lib_a-strncpy.o)
                              Core/Src/File_Handling.o (strncpy)
/opt/st/stm32cubeide_1.5.1/plugins/com.st.stm32cube.ide.mcu.externaltools.gnu-tools-for-stm32.7-2018-q2-update.linux64_1.5.0.202011040924/tools/bin/../lib/gcc/arm-none-eabi/7.3.1/../../../../arm-none-eabi/lib/thumb/v7e-m/fpv4-sp/hard/libc_nano.a(lib_a-strstr.o)
                              Core/Src/File_Handling.o (strstr)
/opt/st/stm32cubeide_1.5.1/plugins/com.st.stm32cube.ide.mcu.externaltools.gnu-tools-for-stm32.7-2018-q2-update.linux64_1.5.0.202011040924/tools/bin/../lib/gcc/arm-none-eabi/7.3.1/../../../../arm-none-eabi/lib/thumb/v7e-m/fpv4-sp/hard/libc_nano.a(lib_a-wbuf.o)
[...]
Memory Configuration

Name             Origin             Length             Attributes
CCMRAM           0x0000000010000000 0x0000000000010000 xrw
RAM              0x0000000020000000 0x0000000000020000 xrw
FLASH            0x0000000008000000 0x0000000000100000 xr
*default*        0x0000000000000000 0xffffffffffffffff

Linker script and memory map

LOAD /opt/st/stm32cubeide_1.5.1/plugins/com.st.stm32cube.ide.mcu.externaltools.gnu-tools-for-stm32.7-2018-q2-update.linux64_1.5.0.202011040924/tools/bin/../lib/gcc/arm-none-eabi/7.3.1/thumb/v7e-m/fpv4-sp/hard/crti.o
LOAD /opt/st/stm32cubeide_1.5.1/plugins/com.st.stm32cube.ide.mcu.externaltools.gnu-tools-for-stm32.7-2018-q2-update.linux64_1.5.0.202011040924/tools/bin/../lib/gcc/arm-none-eabi/7.3.1/thumb/v7e-m/fpv4-sp/hard/crtbegin.o
LOAD /opt/st/stm32cubeide_1.5.1/plugins/com.st.stm32cube.ide.mcu.externaltools.gnu-tools-for-stm32.7-2018-q2-update.linux64_1.5.0.202011040924/tools/bin/../lib/gcc/arm-none-eabi/7.3.1/../../../../arm-none-eabi/lib/thumb/v7e-m/fpv4-sp/hard/crt0.o
LOAD Core/Src/AUDIO.o
LOAD Core/Src/AUDIO_LINK.o
LOAD Core/Src/File_Handling.o
LOAD Core/Src/cs43l22.o
LOAD Core/Src/diskio.o
LOAD Core/Src/fatfs.o
LOAD Core/Src/ff.o
LOAD Core/Src/ff_gen_drv.o
LOAD Core/Src/fops.o
LOAD Core/Src/main.o
LOAD Core/Src/mmc_sd.o
LOAD Core/Src/stm32f4xx_hal_msp.o
LOAD Core/Src/stm32f4xx_hal_timebase_tim.o
LOAD Core/Src/stm32f4xx_it.o
LOAD Core/Src/syscalls.o
LOAD Core/Src/sysmem.o
LOAD Core/Src/system_stm32f4xx.o
LOAD Core/Src/user_diskio.o
LOAD Core/Src/waveplayer.o
LOAD Core/Startup/startup_stm32f407vgtx.o
LOAD Drivers/STM32F4xx_HAL_Driver/Src/stm32f4xx_hal.o
LOAD Drivers/STM32F4xx_HAL_Driver/Src/stm32f4xx_hal_cortex.o
LOAD Drivers/STM32F4xx_HAL_Driver/Src/stm32f4xx_hal_dma.o
LOAD Drivers/STM32F4xx_HAL_Driver/Src/stm32f4xx_hal_dma_ex.o
LOAD Drivers/STM32F4xx_HAL_Driver/Src/stm32f4xx_hal_exti.o
LOAD Drivers/STM32F4xx_HAL_Driver/Src/stm32f4xx_hal_flash.o
LOAD Drivers/STM32F4xx_HAL_Driver/Src/stm32f4xx_hal_flash_ex.o
LOAD Drivers/STM32F4xx_HAL_Driver/Src/stm32f4xx_hal_flash_ramfunc.o
LOAD Drivers/STM32F4xx_HAL_Driver/Src/stm32f4xx_hal_gpio.o
LOAD Drivers/STM32F4xx_HAL_Driver/Src/stm32f4xx_hal_i2c.o
LOAD Drivers/STM32F4xx_HAL_Driver/Src/stm32f4xx_hal_i2c_ex.o
LOAD Drivers/STM32F4xx_HAL_Driver/Src/stm32f4xx_hal_i2s.o
LOAD Drivers/STM32F4xx_HAL_Driver/Src/stm32f4xx_hal_i2s_ex.o
LOAD Drivers/STM32F4xx_HAL_Driver/Src/stm32f4xx_hal_pwr.o
LOAD Drivers/STM32F4xx_HAL_Driver/Src/stm32f4xx_hal_pwr_ex.o
LOAD Drivers/STM32F4xx_HAL_Driver/Src/stm32f4xx_hal_rcc.o
LOAD Drivers/STM32F4xx_HAL_Driver/Src/stm32f4xx_hal_rcc_ex.o
LOAD Drivers/STM32F4xx_HAL_Driver/Src/stm32f4xx_hal_spi.o
LOAD Drivers/STM32F4xx_HAL_Driver/Src/stm32f4xx_hal_tim.o
LOAD Drivers/STM32F4xx_HAL_Driver/Src/stm32f4xx_hal_tim_ex.o
LOAD Drivers/STM32F4xx_HAL_Driver/Src/stm32f4xx_hal_uart.o
LOAD FreeRTOS/MemMang/heap_4.o
LOAD FreeRTOS/croutine.o
LOAD FreeRTOS/event_groups.o
LOAD FreeRTOS/list.o
LOAD FreeRTOS/queue.o
LOAD FreeRTOS/stream_buffer.o
LOAD FreeRTOS/tasks.o
LOAD FreeRTOS/timers.o
LOAD FreeRTOS/portable/ARM_CM4F/port.o
START GROUP
LOAD /opt/st/stm32cubeide_1.5.1/plugins/com.st.stm32cube.ide.mcu.externaltools.gnu-tools-for-stm32.7-2018-q2-update.linux64_1.5.0.202011040924/tools/bin/../lib/gcc/arm-none-eabi/7.3.1/../../../../arm-none-eabi/lib/thumb/v7e-m/fpv4-sp/hard/libc_nano.a
LOAD /opt/st/stm32cubeide_1.5.1/plugins/com.st.stm32cube.ide.mcu.externaltools.gnu-tools-for-stm32.7-2018-q2-update.linux64_1.5.0.202011040924/tools/bin/../lib/gcc/arm-none-eabi/7.3.1/../../../../arm-none-eabi/lib/thumb/v7e-m/fpv4-sp/hard/libm.a
END GROUP
START GROUP
LOAD /opt/st/stm32cubeide_1.5.1/plugins/com.st.stm32cube.ide.mcu.externaltools.gnu-tools-for-stm32.7-2018-q2-update.linux64_1.5.0.202011040924/tools/bin/../lib/gcc/arm-none-eabi/7.3.1/thumb/v7e-m/fpv4-sp/hard/libgcc.a
LOAD /opt/st/stm32cubeide_1.5.1/plugins/com.st.stm32cube.ide.mcu.externaltools.gnu-tools-for-stm32.7-2018-q2-update.linux64_1.5.0.202011040924/tools/bin/../lib/gcc/arm-none-eabi/7.3.1/../../../../arm-none-eabi/lib/thumb/v7e-m/fpv4-sp/hard/libc_nano.a
END GROUP
START GROUP
LOAD /opt/st/stm32cubeide_1.5.1/plugins/com.st.stm32cube.ide.mcu.externaltools.gnu-tools-for-stm32.7-2018-q2-update.linux64_1.5.0.202011040924/tools/bin/../lib/gcc/arm-none-eabi/7.3.1/thumb/v7e-m/fpv4-sp/hard/libgcc.a
LOAD /opt/st/stm32cubeide_1.5.1/plugins/com.st.stm32cube.ide.mcu.externaltools.gnu-tools-for-stm32.7-2018-q2-update.linux64_1.5.0.202011040924/tools/bin/../lib/gcc/arm-none-eabi/7.3.1/../../../../arm-none-eabi/lib/thumb/v7e-m/fpv4-sp/hard/libc_nano.a
LOAD /opt/st/stm32cubeide_1.5.1/plugins/com.st.stm32cube.ide.mcu.externaltools.gnu-tools-for-stm32.7-2018-q2-update.linux64_1.5.0.202011040924/tools/bin/../lib/gcc/arm-none-eabi/7.3.1/../../../../arm-none-eabi/lib/thumb/v7e-m/fpv4-sp/hard/libnosys.a
END GROUP
START GROUP
LOAD /opt/st/stm32cubeide_1.5.1/plugins/com.st.stm32cube.ide.mcu.externaltools.gnu-tools-for-stm32.7-2018-q2-update.linux64_1.5.0.202011040924/tools/bin/../lib/gcc/arm-none-eabi/7.3.1/thumb/v7e-m/fpv4-sp/hard/libgcc.a
LOAD /opt/st/stm32cubeide_1.5.1/plugins/com.st.stm32cube.ide.mcu.externaltools.gnu-tools-for-stm32.7-2018-q2-update.linux64_1.5.0.202011040924/tools/bin/../lib/gcc/arm-none-eabi/7.3.1/../../../../arm-none-eabi/lib/thumb/v7e-m/fpv4-sp/hard/libc_nano.a
LOAD /opt/st/stm32cubeide_1.5.1/plugins/com.st.stm32cube.ide.mcu.externaltools.gnu-tools-for-stm32.7-2018-q2-update.linux64_1.5.0.202011040924/tools/bin/../lib/gcc/arm-none-eabi/7.3.1/../../../../arm-none-eabi/lib/thumb/v7e-m/fpv4-sp/hard/libnosys.a
END GROUP
LOAD /opt/st/stm32cubeide_1.5.1/plugins/com.st.stm32cube.ide.mcu.externaltools.gnu-tools-for-stm32.7-2018-q2-update.linux64_1.5.0.202011040924/tools/bin/../lib/gcc/arm-none-eabi/7.3.1/thumb/v7e-m/fpv4-sp/hard/crtend.o
LOAD /opt/st/stm32cubeide_1.5.1/plugins/com.st.stm32cube.ide.mcu.externaltools.gnu-tools-for-stm32.7-2018-q2-update.linux64_1.5.0.202011040924/tools/bin/../lib/gcc/arm-none-eabi/7.3.1/thumb/v7e-m/fpv4-sp/hard/crtn.o
                0x0000000020020000                _estack = (ORIGIN (RAM) + LENGTH (RAM))
                0x0000000000000200                _Min_Heap_Size = 0x200
                0x0000000000000400                _Min_Stack_Size = 0x400

.isr_vector     0x0000000008000000      0x188
                0x0000000008000000                . = ALIGN (0x4)
 *(.isr_vector)
 .isr_vector    0x0000000008000000      0x188 Core/Startup/startup_stm32f407vgtx.o
                0x0000000008000000                g_pfnVectors
                0x0000000008000188                . = ALIGN (0x4)

.text           0x0000000008000190     0xea40
                0x0000000008000190                . = ALIGN (0x4)
 *(.text)
 .text          0x0000000008000190       0x40 /opt/st/stm32cubeide_1.5.1/plugins/com.st.stm32cube.ide.mcu.externaltools.gnu-tools-for-stm32.7-2018-q2-update.linux64_1.5.0.202011040924/tools/bin/../lib/gcc/arm-none-eabi/7.3.1/thumb/v7e-m/fpv4-sp/hard/crtbegin.o
 .text          0x00000000080001d0       0xa0 /opt/st/stm32cubeide_1.5.1/plugins/com.st.stm32cube.ide.mcu.externaltools.gnu-tools-for-stm32.7-2018-q2-update.linux64_1.5.0.202011040924/tools/bin/../lib/gcc/arm-none-eabi/7.3.1/../../../../arm-none-eabi/lib/thumb/v7e-m/fpv4-sp/hard/libc_nano.a(lib_a-memchr.o)
                0x00000000080001d0                memchr
 .text          0x0000000008000270       0x30 /opt/st/stm32cubeide_1.5.1/plugins/com.st.stm32cube.ide.mcu.externaltools.gnu-tools-for-stm32.7-2018-q2-update.linux64_1.5.0.202011040924/tools/bin/../lib/gcc/arm-none-eabi/7.3.1/thumb/v7e-m/fpv4-sp/hard/libgcc.a(_aeabi_uldivmod.o)
                0x0000000008000270                __aeabi_uldivmod
 .text          0x00000000080002a0      0x2cc /opt/st/stm32cubeide_1.5.1/plugins/com.st.stm32cube.ide.mcu.externaltools.gnu-tools-for-stm32.7-2018-q2-update.linux64_1.5.0.202011040924/tools/bin/../lib/gcc/arm-none-eabi/7.3.1/thumb/v7e-m/fpv4-sp/hard/libgcc.a(_udivmoddi4.o)
                0x00000000080002a0                __udivmoddi4
 .text          0x000000000800056c        0x4 /opt/st/stm32cubeide_1.5.1/plugins/com.st.stm32cube.ide.mcu.externaltools.gnu-tools-for-stm32.7-2018-q2-update.linux64_1.5.0.202011040924/tools/bin/../lib/gcc/arm-none-eabi/7.3.1/thumb/v7e-m/fpv4-sp/hard/libgcc.a(_dvmd_tls.o)
                0x000000000800056c                __aeabi_ldiv0
                0x000000000800056c                __aeabi_idiv0
 *(.text*)
 .text.AUDIO_OUT_Init
                0x0000000008000570       0x9c Core/Src/AUDIO.o
                0x0000000008000570                AUDIO_OUT_Init
 .text.AUDIO_OUT_Play
                0x000000000800060c       0x54 Core/Src/AUDIO.o
                0x000000000800060c                AUDIO_OUT_Play
 .text.AUDIO_OUT_Pause
                0x0000000008000660       0x2c Core/Src/AUDIO.o
                0x0000000008000660                AUDIO_OUT_Pause
 .text.AUDIO_OUT_Resume
                0x000000000800068c       0x2c Core/Src/AUDIO.o
                0x000000000800068c                AUDIO_OUT_Resume
 .text.AUDIO_OUT_Stop
                0x00000000080006b8       0x50 Core/Src/AUDIO.o
                0x00000000080006b8                AUDIO_OUT_Stop
 .text.AUDIO_OUT_SetVolume
                0x0000000008000708       0x30 Core/Src/AUDIO.o
                0x0000000008000708                AUDIO_OUT_SetVolume
 .text.HAL_I2S_TxCpltCallback
                0x0000000008000738       0x24 Core/Src/AUDIO.o
                0x0000000008000738                HAL_I2S_TxCpltCallback
 .text.HAL_I2S_TxHalfCpltCallback
                0x000000000800075c       0x24 Core/Src/AUDIO.o
                0x000000000800075c                HAL_I2S_TxHalfCpltCallback
 .text.AUDIO_OUT_ClockConfig
                0x0000000008000780       0xb4 Core/Src/AUDIO.o
                0x0000000008000780                AUDIO_OUT_ClockConfig
 .text.AUDIO_OUT_MspInit
                0x0000000008000834      0x180 Core/Src/AUDIO.o
                0x0000000008000834                AUDIO_OUT_MspInit
 .text.AUDIO_OUT_Error_CallBack
                0x00000000080009b4        0xe Core/Src/AUDIO.o
                0x00000000080009b4                AUDIO_OUT_Error_CallBack
 *fill*         0x00000000080009c2        0x2 
 .text.I2S3_Init
                0x00000000080009c4       0x70 Core/Src/AUDIO.o
 .text.HAL_I2S_ErrorCallback
                0x0000000008000a34       0x24 Core/Src/AUDIO.o
                0x0000000008000a34                HAL_I2S_ErrorCallback
 .text.I2Cx_Init
                0x0000000008000a58       0x64 Core/Src/AUDIO_LINK.o
 .text.I2Cx_WriteData
                0x0000000008000abc       0x50 Core/Src/AUDIO_LINK.o
 .text.I2Cx_ReadData
                0x0000000008000b0c       0x58 Core/Src/AUDIO_LINK.o
 .text.I2Cx_Error
                0x0000000008000b64       0x18 Core/Src/AUDIO_LINK.o
 .text.I2Cx_MspInit
                0x0000000008000b7c       0xac Core/Src/AUDIO_LINK.o
 .text.AUDIO_IO_Init
                0x0000000008000c28       0x70 Core/Src/AUDIO_LINK.o
                0x0000000008000c28                AUDIO_IO_Init
 .text.AUDIO_IO_DeInit
                0x0000000008000c98        0xe Core/Src/AUDIO_LINK.o
                0x0000000008000c98                AUDIO_IO_DeInit
 .text.AUDIO_IO_Write
                0x0000000008000ca6       0x28 Core/Src/AUDIO_LINK.o
                0x0000000008000ca6                AUDIO_IO_Write
 .text.AUDIO_IO_Read
                0x0000000008000cce       0x28 Core/Src/AUDIO_LINK.o
                0x0000000008000cce                AUDIO_IO_Read
 *fill*         0x0000000008000cf6        0x2 
 .text.AUDIO_StorageParse
                0x0000000008000cf8      0x118 Core/Src/File_Handling.o
                0x0000000008000cf8                AUDIO_StorageParse
 .text.AUDIO_GetWavObjectNumber
                0x0000000008000e10       0x20 Core/Src/File_Handling.o
                0x0000000008000e10                AUDIO_GetWavObjectNumber
 .text.cs43l22_Init
                0x0000000008000e30      0x1c8 Core/Src/cs43l22.o
                0x0000000008000e30                cs43l22_Init
 .text.cs43l22_DeInit
                0x0000000008000ff8        0xc Core/Src/cs43l22.o
                0x0000000008000ff8                cs43l22_DeInit
 .text.cs43l22_ReadID
                0x0000000008001004       0x30 Core/Src/cs43l22.o
                0x0000000008001004                cs43l22_ReadID
 .text.cs43l22_Play
                0x0000000008001034       0x74 Core/Src/cs43l22.o
                0x0000000008001034                cs43l22_Play
 .text.cs43l22_Pause
                0x00000000080010a8       0x42 Core/Src/cs43l22.o
                0x00000000080010a8                cs43l22_Pause
 *fill*         0x00000000080010ea        0x2 
 .text.cs43l22_Resume
                0x00000000080010ec       0x78 Core/Src/cs43l22.o
                0x00000000080010ec                cs43l22_Resume
 .text.cs43l22_Stop
                0x0000000008001164       0x68 Core/Src/cs43l22.o
                0x0000000008001164                cs43l22_Stop
 .text.cs43l22_SetVolume
                0x00000000080011cc       0xbc Core/Src/cs43l22.o
                0x00000000080011cc                cs43l22_SetVolume
 .text.cs43l22_SetFrequency
                0x0000000008001288       0x1a Core/Src/cs43l22.o
                0x0000000008001288                cs43l22_SetFrequency
 *fill*         0x00000000080012a2        0x2 
 .text.cs43l22_SetMute
                0x00000000080012a4       0xbc Core/Src/cs43l22.o
                0x00000000080012a4                cs43l22_SetMute
 .text.cs43l22_SetOutputMode
                0x0000000008001360       0xe4 Core/Src/cs43l22.o
                0x0000000008001360                cs43l22_SetOutputMode
 .text.cs43l22_Reset
                0x0000000008001444       0x18 Core/Src/cs43l22.o
                0x0000000008001444                cs43l22_Reset
 .text.CODEC_IO_Write
                0x000000000800145c       0x2e Core/Src/cs43l22.o
 *fill*         0x000000000800148a        0x2 
 .text.disk_status
                0x000000000800148c       0x34 Core/Src/diskio.o
                0x000000000800148c                disk_status
 .text.disk_initialize
                0x00000000080014c0       0x4c Core/Src/diskio.o
                0x00000000080014c0                disk_initialize
 .text.disk_read
                0x000000000800150c       0x40 Core/Src/diskio.o
                0x000000000800150c                disk_read
 .text.disk_write
                0x000000000800154c       0x40 Core/Src/diskio.o
                0x000000000800154c                disk_write
 .text.disk_ioctl
                0x000000000800158c       0x3c Core/Src/diskio.o
                0x000000000800158c                disk_ioctl
 .text.MX_FATFS_Init
                0x00000000080015c8       0x48 Core/Src/fatfs.o
                0x00000000080015c8                MX_FATFS_Init
 .text.ld_word  0x0000000008001610       0x30 Core/Src/ff.o
 .text.ld_dword
                0x0000000008001640       0x46 Core/Src/ff.o
 .text.st_word  0x0000000008001686       0x36 Core/Src/ff.o
 .text.st_dword
                0x00000000080016bc       0x58 Core/Src/ff.o
 .text.mem_cpy  0x0000000008001714       0x42 Core/Src/ff.o
 .text.mem_set  0x0000000008001756       0x34 Core/Src/ff.o
 .text.mem_cmp  0x000000000800178a       0x4e Core/Src/ff.o
 .text.chk_chr  0x00000000080017d8       0x36 Core/Src/ff.o
 *fill*         0x000000000800180e        0x2 
 .text.chk_lock
                0x0000000008001810       0xb8 Core/Src/ff.o
 .text.enq_lock
                0x00000000080018c8       0x44 Core/Src/ff.o
 .text.inc_lock
                0x000000000800190c      0x11c Core/Src/ff.o
 .text.dec_lock
                0x0000000008001a28       0x78 Core/Src/ff.o
 .text.clear_lock
                0x0000000008001aa0       0x48 Core/Src/ff.o
 .text.sync_window
                0x0000000008001ae8       0x88 Core/Src/ff.o
 .text.move_window
                0x0000000008001b70       0x5a Core/Src/ff.o
 *fill*         0x0000000008001bca        0x2 
 .text.sync_fs  0x0000000008001bcc       0xdc Core/Src/ff.o
 .text.clust2sect
                0x0000000008001ca8       0x3e Core/Src/ff.o
 .text.get_fat  0x0000000008001ce6      0x14a Core/Src/ff.o
 .text.put_fat  0x0000000008001e30      0x1ce Core/Src/ff.o
 .text.remove_chain
                0x0000000008001ffe       0xca Core/Src/ff.o
 .text.create_chain
                0x00000000080020c8      0x130 Core/Src/ff.o
 .text.clmt_clust
                0x00000000080021f8       0x68 Core/Src/ff.o
 .text.dir_sdi  0x0000000008002260       0xf6 Core/Src/ff.o
 .text.dir_next
                0x0000000008002356      0x18a Core/Src/ff.o
 .text.dir_alloc
                0x00000000080024e0       0x8e Core/Src/ff.o
 .text.ld_clust
                0x000000000800256e       0x3e Core/Src/ff.o
 .text.st_clust
                0x00000000080025ac       0x40 Core/Src/ff.o
 .text.dir_read
                0x00000000080025ec       0xba Core/Src/ff.o
 .text.dir_find
                0x00000000080026a6       0xaa Core/Src/ff.o
 .text.dir_register
                0x0000000008002750       0x64 Core/Src/ff.o
 .text.get_fileinfo
                0x00000000080027b4       0xbe Core/Src/ff.o
 *fill*         0x0000000008002872        0x2 
 .text.create_name
                0x0000000008002874      0x128 Core/Src/ff.o
 .text.follow_path
                0x000000000800299c       0xe2 Core/Src/ff.o
 .text.get_ldnumber
                0x0000000008002a7e       0x88 Core/Src/ff.o
 *fill*         0x0000000008002b06        0x2 
 .text.check_fs
                0x0000000008002b08       0xac Core/Src/ff.o
 .text.find_volume
                0x0000000008002bb4      0x498 Core/Src/ff.o
 .text.validate
                0x000000000800304c       0x6a Core/Src/ff.o
 *fill*         0x00000000080030b6        0x2 
 .text.f_mount  0x00000000080030b8       0x8c Core/Src/ff.o
                0x00000000080030b8                f_mount
 .text.f_open   0x0000000008003144      0x380 Core/Src/ff.o
                0x0000000008003144                f_open
 .text.f_read   0x00000000080034c4      0x27e Core/Src/ff.o
                0x00000000080034c4                f_read
 .text.f_write  0x0000000008003742      0x2ea Core/Src/ff.o
                0x0000000008003742                f_write
 .text.f_sync   0x0000000008003a2c      0x100 Core/Src/ff.o
                0x0000000008003a2c                f_sync
 .text.f_close  0x0000000008003b2c       0x54 Core/Src/ff.o
                0x0000000008003b2c                f_close
 .text.f_lseek  0x0000000008003b80      0x412 Core/Src/ff.o
                0x0000000008003b80                f_lseek
 .text.f_opendir
                0x0000000008003f92       0xe6 Core/Src/ff.o
                0x0000000008003f92                f_opendir
 .text.f_closedir
                0x0000000008004078       0x4c Core/Src/ff.o
                0x0000000008004078                f_closedir
 .text.f_readdir
                0x00000000080040c4       0x7a Core/Src/ff.o
                0x00000000080040c4                f_readdir
 .text.f_getfree
                0x000000000800413e      0x16a Core/Src/ff.o
                0x000000000800413e                f_getfree
 .text.FATFS_LinkDriverEx
                0x00000000080042a8       0x98 Core/Src/ff_gen_drv.o
                0x00000000080042a8                FATFS_LinkDriverEx
 .text.FATFS_LinkDriver
                0x0000000008004340       0x1e Core/Src/ff_gen_drv.o
                0x0000000008004340                FATFS_LinkDriver
 *fill*         0x000000000800435e        0x2 
 .text.__io_putchar
                0x0000000008004360       0x24 Core/Src/fops.o
                0x0000000008004360                __io_putchar
 .text.exf_getfree
                0x0000000008004384       0x68 Core/Src/fops.o
                0x0000000008004384                exf_getfree
 .text.exf_mount
                0x00000000080043ec       0x3c Core/Src/fops.o
                0x00000000080043ec                exf_mount
 .text.exf_open
                0x0000000008004428       0x30 Core/Src/fops.o
                0x0000000008004428                exf_open
 .text.exf_write
                0x0000000008004458       0x38 Core/Src/fops.o
                0x0000000008004458                exf_write
 .text.exf_read
                0x0000000008004490       0x38 Core/Src/fops.o
                0x0000000008004490                exf_read
 .text.exf_lseek
                0x00000000080044c8       0x28 Core/Src/fops.o
                0x00000000080044c8                exf_lseek
 .text.exf_close
                0x00000000080044f0       0x14 Core/Src/fops.o
                0x00000000080044f0                exf_close
 .text.FATFS_RdWrTest
                0x0000000008004504       0xc0 Core/Src/fops.o
                0x0000000008004504                FATFS_RdWrTest
 .text.main     0x00000000080045c4      0x114 Core/Src/main.o
                0x00000000080045c4                main
 .text.SystemClock_Config
                0x00000000080046d8      0x104 Core/Src/main.o
                0x00000000080046d8                SystemClock_Config
 .text.MX_I2C1_Init
                0x00000000080047dc       0x5c Core/Src/main.o
 .text.MX_I2S3_Init
                0x0000000008004838       0x5c Core/Src/main.o
 .text.MX_SPI1_Init
                0x0000000008004894       0x6c Core/Src/main.o
                0x0000000008004894                MX_SPI1_Init
 .text.MX_UART4_Init
                0x0000000008004900       0x54 Core/Src/main.o
 .text.MX_DMA_Init
                0x0000000008004954       0x40 Core/Src/main.o
 .text.MX_GPIO_Init
                0x0000000008004994      0x150 Core/Src/main.o
 .text.Task4    0x0000000008004ae4       0x1c Core/Src/main.o
                0x0000000008004ae4                Task4
 .text.Task3    0x0000000008004b00       0x16 Core/Src/main.o
                0x0000000008004b00                Task3
 *fill*         0x0000000008004b16        0x2 
 .text.HAL_GPIO_EXTI_Callback
                0x0000000008004b18       0xa0 Core/Src/main.o
                0x0000000008004b18                HAL_GPIO_EXTI_Callback
 .text.HAL_TIM_PeriodElapsedCallback
                0x0000000008004bb8       0x24 Core/Src/main.o
                0x0000000008004bb8                HAL_TIM_PeriodElapsedCallback
 .text.Error_Handler
                0x0000000008004bdc        0x8 Core/Src/main.o
                0x0000000008004bdc                Error_Handler
 .text.SPI1_Error
                0x0000000008004be4       0x38 Core/Src/mmc_sd.o
                0x0000000008004be4                SPI1_Error
 .text.SPI1_ReadWriteByte
                0x0000000008004c1c       0x3c Core/Src/mmc_sd.o
                0x0000000008004c1c                SPI1_ReadWriteByte
 .text.SD_SPI_ReadWriteByte
                0x0000000008004c58       0x1c Core/Src/mmc_sd.o
                0x0000000008004c58                SD_SPI_ReadWriteByte
 .text.SD_SPI_Init
                0x0000000008004c74       0x34 Core/Src/mmc_sd.o
                0x0000000008004c74                SD_SPI_Init
 .text.SD_DisSelect
                0x0000000008004ca8       0x1c Core/Src/mmc_sd.o
                0x0000000008004ca8                SD_DisSelect
 .text.SD_Select
                0x0000000008004cc4       0x2c Core/Src/mmc_sd.o
                0x0000000008004cc4                SD_Select
 .text.SD_WaitReady
                0x0000000008004cf0       0x38 Core/Src/mmc_sd.o
                0x0000000008004cf0                SD_WaitReady
 .text.SD_GetResponse
                0x0000000008004d28       0x42 Core/Src/mmc_sd.o
                0x0000000008004d28                SD_GetResponse
 .text.SD_RecvData
                0x0000000008004d6a       0x50 Core/Src/mmc_sd.o
                0x0000000008004d6a                SD_RecvData
 .text.SD_SendBlock
                0x0000000008004dba       0x78 Core/Src/mmc_sd.o
                0x0000000008004dba                SD_SendBlock
 .text.SD_SendCmd
                0x0000000008004e32       0xa0 Core/Src/mmc_sd.o
                0x0000000008004e32                SD_SendCmd
 .text.SD_GetCSD
                0x0000000008004ed2       0x40 Core/Src/mmc_sd.o
                0x0000000008004ed2                SD_GetCSD
 .text.SD_GetSectorCount
                0x0000000008004f12       0xa2 Core/Src/mmc_sd.o
                0x0000000008004f12                SD_GetSectorCount
 .text.SD_Initialize
                0x0000000008004fb4      0x1e8 Core/Src/mmc_sd.o
                0x0000000008004fb4                SD_Initialize
 .text.SD_ReadDisk
                0x000000000800519c       0x98 Core/Src/mmc_sd.o
                0x000000000800519c                SD_ReadDisk
 .text.SD_WriteDisk
                0x0000000008005234       0xbc Core/Src/mmc_sd.o
                0x0000000008005234                SD_WriteDisk
 .text.HAL_MspInit
                0x00000000080052f0       0x50 Core/Src/stm32f4xx_hal_msp.o
                0x00000000080052f0                HAL_MspInit
 .text.HAL_I2C_MspInit
                0x0000000008005340       0x90 Core/Src/stm32f4xx_hal_msp.o
                0x0000000008005340                HAL_I2C_MspInit
 .text.HAL_I2C_MspDeInit
                0x00000000080053d0       0x44 Core/Src/stm32f4xx_hal_msp.o
                0x00000000080053d0                HAL_I2C_MspDeInit
 .text.HAL_I2S_MspInit
                0x0000000008005414      0x14c Core/Src/stm32f4xx_hal_msp.o
                0x0000000008005414                HAL_I2S_MspInit
 .text.HAL_SPI_MspInit
                0x0000000008005560       0x90 Core/Src/stm32f4xx_hal_msp.o
                0x0000000008005560                HAL_SPI_MspInit
 .text.HAL_SPI_MspDeInit
                0x00000000080055f0       0x3c Core/Src/stm32f4xx_hal_msp.o
                0x00000000080055f0                HAL_SPI_MspDeInit
 .text.HAL_UART_MspInit
                0x000000000800562c       0x90 Core/Src/stm32f4xx_hal_msp.o
                0x000000000800562c                HAL_UART_MspInit
 .text.HAL_InitTick
                0x00000000080056bc       0xb4 Core/Src/stm32f4xx_hal_timebase_tim.o
                0x00000000080056bc                HAL_InitTick
 .text.NMI_Handler
                0x0000000008005770        0x6 Core/Src/stm32f4xx_it.o
                0x0000000008005770                NMI_Handler
 .text.HardFault_Handler
                0x0000000008005776        0x6 Core/Src/stm32f4xx_it.o
                0x0000000008005776                HardFault_Handler
 .text.MemManage_Handler
                0x000000000800577c        0x6 Core/Src/stm32f4xx_it.o
                0x000000000800577c                MemManage_Handler
 .text.BusFault_Handler
                0x0000000008005782        0x6 Core/Src/stm32f4xx_it.o
                0x0000000008005782                BusFault_Handler
 .text.UsageFault_Handler
                0x0000000008005788        0x6 Core/Src/stm32f4xx_it.o
                0x0000000008005788                UsageFault_Handler
 .text.DebugMon_Handler
                0x000000000800578e        0xe Core/Src/stm32f4xx_it.o
                0x000000000800578e                DebugMon_Handler
 .text.EXTI0_IRQHandler
                0x000000000800579c        0xe Core/Src/stm32f4xx_it.o
                0x000000000800579c                EXTI0_IRQHandler
 *fill*         0x00000000080057aa        0x2 
 .text.DMA1_Stream5_IRQHandler
                0x00000000080057ac       0x14 Core/Src/stm32f4xx_it.o
                0x00000000080057ac                DMA1_Stream5_IRQHandler
 .text.TIM6_DAC_IRQHandler
                0x00000000080057c0       0x14 Core/Src/stm32f4xx_it.o
                0x00000000080057c0                TIM6_DAC_IRQHandler
 .text._read    0x00000000080057d4       0x3a Core/Src/syscalls.o
                0x00000000080057d4                _read
 .text._write   0x000000000800580e       0x38 Core/Src/syscalls.o
                0x000000000800580e                _write
 .text._close   0x0000000008005846       0x18 Core/Src/syscalls.o
                0x0000000008005846                _close
 .text._fstat   0x000000000800585e       0x20 Core/Src/syscalls.o
                0x000000000800585e                _fstat
 .text._isatty  0x000000000800587e       0x16 Core/Src/syscalls.o
                0x000000000800587e                _isatty
 .text._lseek   0x0000000008005894       0x1a Core/Src/syscalls.o
                0x0000000008005894                _lseek
 *fill*         0x00000000080058ae        0x2 
 .text._sbrk    0x00000000080058b0       0x6c Core/Src/sysmem.o
                0x00000000080058b0                _sbrk
 .text.SystemInit
                0x000000000800591c       0x2c Core/Src/system_stm32f4xx.o
                0x000000000800591c                SystemInit
 .text.USER_initialize
                0x0000000008005948       0x60 Core/Src/user_diskio.o
                0x0000000008005948                USER_initialize
 .text.USER_status
                0x00000000080059a8       0x18 Core/Src/user_diskio.o
                0x00000000080059a8                USER_status
 .text.USER_read
                0x00000000080059c0       0x32 Core/Src/user_diskio.o
                0x00000000080059c0                USER_read
 .text.USER_write
                0x00000000080059f2       0x32 Core/Src/user_diskio.o
                0x00000000080059f2                USER_write
 .text.USER_ioctl
                0x0000000008005a24       0x1e Core/Src/user_diskio.o
                0x0000000008005a24                USER_ioctl
 *fill*         0x0000000008005a42        0x2 
 .text.PlayerInit
                0x0000000008005a44       0x30 Core/Src/waveplayer.o
                0x0000000008005a44                PlayerInit
 .text.AUDIO_PLAYER_Start
                0x0000000008005a74       0xc0 Core/Src/waveplayer.o
                0x0000000008005a74                AUDIO_PLAYER_Start
 .text.AUDIO_PLAYER_Process
                0x0000000008005b34      0x23c Core/Src/waveplayer.o
                0x0000000008005b34                AUDIO_PLAYER_Process
 .text.AUDIO_OUT_TransferComplete_CallBack
                0x0000000008005d70       0x28 Core/Src/waveplayer.o
                0x0000000008005d70                AUDIO_OUT_TransferComplete_CallBack
 .text.AUDIO_OUT_HalfTransfer_CallBack
                0x0000000008005d98       0x28 Core/Src/waveplayer.o
                0x0000000008005d98                AUDIO_OUT_HalfTransfer_CallBack
 .text.Reset_Handler
                0x0000000008005dc0       0x50 Core/Startup/startup_stm32f407vgtx.o
                0x0000000008005dc0                Reset_Handler
 .text.Default_Handler
                0x0000000008005e10        0x2 Core/Startup/startup_stm32f407vgtx.o
                0x0000000008005e10                RTC_Alarm_IRQHandler
                0x0000000008005e10                HASH_RNG_IRQHandler
                0x0000000008005e10                EXTI2_IRQHandler
                0x0000000008005e10                TIM8_CC_IRQHandler
                0x0000000008005e10                TIM1_CC_IRQHandler
                0x0000000008005e10                DMA2_Stream5_IRQHandler
                0x0000000008005e10                PVD_IRQHandler
                0x0000000008005e10                SDIO_IRQHandler
                0x0000000008005e10                TAMP_STAMP_IRQHandler
                0x0000000008005e10                CAN2_RX1_IRQHandler
                0x0000000008005e10                EXTI3_IRQHandler
                0x0000000008005e10                TIM8_TRG_COM_TIM14_IRQHandler
                0x0000000008005e10                TIM1_UP_TIM10_IRQHandler
                0x0000000008005e10                TIM8_UP_TIM13_IRQHandler
                0x0000000008005e10                I2C3_ER_IRQHandler
                0x0000000008005e10                I2C2_EV_IRQHandler
                0x0000000008005e10                DMA1_Stream2_IRQHandler
                0x0000000008005e10                CAN1_RX0_IRQHandler
                0x0000000008005e10                FPU_IRQHandler
                0x0000000008005e10                OTG_HS_WKUP_IRQHandler
                0x0000000008005e10                CAN2_SCE_IRQHandler
                0x0000000008005e10                DMA2_Stream2_IRQHandler
                0x0000000008005e10                SPI1_IRQHandler
                0x0000000008005e10                TIM1_BRK_TIM9_IRQHandler
                0x0000000008005e10                DCMI_IRQHandler
                0x0000000008005e10                CAN2_RX0_IRQHandler
                0x0000000008005e10                DMA2_Stream3_IRQHandler
                0x0000000008005e10                USART6_IRQHandler
                0x0000000008005e10                USART3_IRQHandler
                0x0000000008005e10                CAN1_RX1_IRQHandler
                0x0000000008005e10                UART5_IRQHandler
                0x0000000008005e10                DMA2_Stream0_IRQHandler
                0x0000000008005e10                TIM4_IRQHandler
                0x0000000008005e10                I2C1_EV_IRQHandler
                0x0000000008005e10                DMA1_Stream6_IRQHandler
                0x0000000008005e10                DMA1_Stream1_IRQHandler
                0x0000000008005e10                UART4_IRQHandler
                0x0000000008005e10                TIM3_IRQHandler
                0x0000000008005e10                RCC_IRQHandler
                0x0000000008005e10                TIM8_BRK_TIM12_IRQHandler
                0x0000000008005e10                Default_Handler
                0x0000000008005e10                EXTI15_10_IRQHandler
                0x0000000008005e10                ADC_IRQHandler
                0x0000000008005e10                DMA1_Stream7_IRQHandler
                0x0000000008005e10                TIM7_IRQHandler
                0x0000000008005e10                CAN2_TX_IRQHandler
                0x0000000008005e10                TIM5_IRQHandler
                0x0000000008005e10                DMA2_Stream7_IRQHandler
                0x0000000008005e10                I2C3_EV_IRQHandler
                0x0000000008005e10                EXTI9_5_IRQHandler
                0x0000000008005e10                RTC_WKUP_IRQHandler
                0x0000000008005e10                ETH_WKUP_IRQHandler
                0x0000000008005e10                SPI2_IRQHandler
                0x0000000008005e10                OTG_HS_EP1_IN_IRQHandler
                0x0000000008005e10                DMA1_Stream0_IRQHandler
                0x0000000008005e10                CAN1_TX_IRQHandler
                0x0000000008005e10                EXTI4_IRQHandler
                0x0000000008005e10                FSMC_IRQHandler
                0x0000000008005e10                ETH_IRQHandler
                0x0000000008005e10                OTG_HS_EP1_OUT_IRQHandler
                0x0000000008005e10                WWDG_IRQHandler
                0x0000000008005e10                TIM2_IRQHandler
                0x0000000008005e10                OTG_FS_WKUP_IRQHandler
                0x0000000008005e10                TIM1_TRG_COM_TIM11_IRQHandler
                0x0000000008005e10                OTG_HS_IRQHandler
                0x0000000008005e10                EXTI1_IRQHandler
                0x0000000008005e10                USART2_IRQHandler
                0x0000000008005e10                I2C2_ER_IRQHandler
                0x0000000008005e10                DMA2_Stream1_IRQHandler
                0x0000000008005e10                CAN1_SCE_IRQHandler
                0x0000000008005e10                FLASH_IRQHandler
                0x0000000008005e10                DMA2_Stream4_IRQHandler
                0x0000000008005e10                USART1_IRQHandler
                0x0000000008005e10                OTG_FS_IRQHandler
                0x0000000008005e10                SPI3_IRQHandler
                0x0000000008005e10                DMA1_Stream4_IRQHandler
                0x0000000008005e10                I2C1_ER_IRQHandler
                0x0000000008005e10                DMA2_Stream6_IRQHandler
                0x0000000008005e10                DMA1_Stream3_IRQHandler
 *fill*         0x0000000008005e12        0x2 
 .text.HAL_Init
                0x0000000008005e14       0x44 Drivers/STM32F4xx_HAL_Driver/Src/stm32f4xx_hal.o
                0x0000000008005e14                HAL_Init
 .text.HAL_IncTick
                0x0000000008005e58       0x28 Drivers/STM32F4xx_HAL_Driver/Src/stm32f4xx_hal.o
                0x0000000008005e58                HAL_IncTick
 .text.HAL_GetTick
                0x0000000008005e80       0x18 Drivers/STM32F4xx_HAL_Driver/Src/stm32f4xx_hal.o
                0x0000000008005e80                HAL_GetTick
 .text.HAL_Delay
                0x0000000008005e98       0x44 Drivers/STM32F4xx_HAL_Driver/Src/stm32f4xx_hal.o
                0x0000000008005e98                HAL_Delay
 .text.__NVIC_SetPriorityGrouping
                0x0000000008005edc       0x48 Drivers/STM32F4xx_HAL_Driver/Src/stm32f4xx_hal_cortex.o
 .text.__NVIC_GetPriorityGrouping
                0x0000000008005f24       0x1c Drivers/STM32F4xx_HAL_Driver/Src/stm32f4xx_hal_cortex.o
 .text.__NVIC_EnableIRQ
                0x0000000008005f40       0x3c Drivers/STM32F4xx_HAL_Driver/Src/stm32f4xx_hal_cortex.o
 .text.__NVIC_SetPriority
                0x0000000008005f7c       0x54 Drivers/STM32F4xx_HAL_Driver/Src/stm32f4xx_hal_cortex.o
 .text.NVIC_EncodePriority
                0x0000000008005fd0       0x66 Drivers/STM32F4xx_HAL_Driver/Src/stm32f4xx_hal_cortex.o
 .text.HAL_NVIC_SetPriorityGrouping
                0x0000000008006036       0x16 Drivers/STM32F4xx_HAL_Driver/Src/stm32f4xx_hal_cortex.o
                0x0000000008006036                HAL_NVIC_SetPriorityGrouping
 .text.HAL_NVIC_SetPriority
                0x000000000800604c       0x38 Drivers/STM32F4xx_HAL_Driver/Src/stm32f4xx_hal_cortex.o
                0x000000000800604c                HAL_NVIC_SetPriority
 .text.HAL_NVIC_EnableIRQ
                0x0000000008006084       0x1c Drivers/STM32F4xx_HAL_Driver/Src/stm32f4xx_hal_cortex.o
                0x0000000008006084                HAL_NVIC_EnableIRQ
 .text.HAL_DMA_Init
                0x00000000080060a0      0x15c Drivers/STM32F4xx_HAL_Driver/Src/stm32f4xx_hal_dma.o
                0x00000000080060a0                HAL_DMA_Init
 .text.HAL_DMA_DeInit
                0x00000000080061fc       0xbc Drivers/STM32F4xx_HAL_Driver/Src/stm32f4xx_hal_dma.o
                0x00000000080061fc                HAL_DMA_DeInit
 .text.HAL_DMA_Start_IT
                0x00000000080062b8       0xb0 Drivers/STM32F4xx_HAL_Driver/Src/stm32f4xx_hal_dma.o
                0x00000000080062b8                HAL_DMA_Start_IT
 .text.HAL_DMA_Abort
                0x0000000008006368       0xe0 Drivers/STM32F4xx_HAL_Driver/Src/stm32f4xx_hal_dma.o
                0x0000000008006368                HAL_DMA_Abort
 .text.HAL_DMA_IRQHandler
                0x0000000008006448      0x314 Drivers/STM32F4xx_HAL_Driver/Src/stm32f4xx_hal_dma.o
                0x0000000008006448                HAL_DMA_IRQHandler
 .text.DMA_SetConfig
                0x000000000800675c       0x5c Drivers/STM32F4xx_HAL_Driver/Src/stm32f4xx_hal_dma.o
 .text.DMA_CalcBaseAndBitshift
                0x00000000080067b8       0x6c Drivers/STM32F4xx_HAL_Driver/Src/stm32f4xx_hal_dma.o
 .text.DMA_CheckFifoParam
                0x0000000008006824       0xf4 Drivers/STM32F4xx_HAL_Driver/Src/stm32f4xx_hal_dma.o
 .text.HAL_GPIO_Init
                0x0000000008006918      0x334 Drivers/STM32F4xx_HAL_Driver/Src/stm32f4xx_hal_gpio.o
                0x0000000008006918                HAL_GPIO_Init
 .text.HAL_GPIO_DeInit
                0x0000000008006c4c      0x1f4 Drivers/STM32F4xx_HAL_Driver/Src/stm32f4xx_hal_gpio.o
                0x0000000008006c4c                HAL_GPIO_DeInit
 .text.HAL_GPIO_WritePin
                0x0000000008006e40       0x32 Drivers/STM32F4xx_HAL_Driver/Src/stm32f4xx_hal_gpio.o
                0x0000000008006e40                HAL_GPIO_WritePin
 .text.HAL_GPIO_TogglePin
                0x0000000008006e72       0x36 Drivers/STM32F4xx_HAL_Driver/Src/stm32f4xx_hal_gpio.o
                0x0000000008006e72                HAL_GPIO_TogglePin
 .text.HAL_GPIO_EXTI_IRQHandler
                0x0000000008006ea8       0x30 Drivers/STM32F4xx_HAL_Driver/Src/stm32f4xx_hal_gpio.o
                0x0000000008006ea8                HAL_GPIO_EXTI_IRQHandler
 .text.HAL_I2C_Init
                0x0000000008006ed8      0x270 Drivers/STM32F4xx_HAL_Driver/Src/stm32f4xx_hal_i2c.o
                0x0000000008006ed8                HAL_I2C_Init
 .text.HAL_I2C_DeInit
                0x0000000008007148       0x5e Drivers/STM32F4xx_HAL_Driver/Src/stm32f4xx_hal_i2c.o
                0x0000000008007148                HAL_I2C_DeInit
 *fill*         0x00000000080071a6        0x2 
 .text.HAL_I2C_Mem_Write
                0x00000000080071a8      0x1f4 Drivers/STM32F4xx_HAL_Driver/Src/stm32f4xx_hal_i2c.o
                0x00000000080071a8                HAL_I2C_Mem_Write
 .text.HAL_I2C_Mem_Read
                0x000000000800739c      0x44c Drivers/STM32F4xx_HAL_Driver/Src/stm32f4xx_hal_i2c.o
                0x000000000800739c                HAL_I2C_Mem_Read
 .text.HAL_I2C_GetState
                0x00000000080077e8       0x1c Drivers/STM32F4xx_HAL_Driver/Src/stm32f4xx_hal_i2c.o
                0x00000000080077e8                HAL_I2C_GetState
 .text.I2C_RequestMemoryWrite
                0x0000000008007804      0x12c Drivers/STM32F4xx_HAL_Driver/Src/stm32f4xx_hal_i2c.o
 .text.I2C_RequestMemoryRead
                0x0000000008007930      0x1d0 Drivers/STM32F4xx_HAL_Driver/Src/stm32f4xx_hal_i2c.o
 .text.I2C_WaitOnFlagUntilTimeout
                0x0000000008007b00       0xae Drivers/STM32F4xx_HAL_Driver/Src/stm32f4xx_hal_i2c.o
 .text.I2C_WaitOnMasterAddressFlagUntilTimeout
                0x0000000008007bae       0xfe Drivers/STM32F4xx_HAL_Driver/Src/stm32f4xx_hal_i2c.o
 .text.I2C_WaitOnTXEFlagUntilTimeout
                0x0000000008007cac       0x82 Drivers/STM32F4xx_HAL_Driver/Src/stm32f4xx_hal_i2c.o
 .text.I2C_WaitOnBTFFlagUntilTimeout
                0x0000000008007d2e       0x82 Drivers/STM32F4xx_HAL_Driver/Src/stm32f4xx_hal_i2c.o
 .text.I2C_WaitOnRXNEFlagUntilTimeout
                0x0000000008007db0       0xac Drivers/STM32F4xx_HAL_Driver/Src/stm32f4xx_hal_i2c.o
 .text.I2C_IsAcknowledgeFailed
                0x0000000008007e5c       0x5e Drivers/STM32F4xx_HAL_Driver/Src/stm32f4xx_hal_i2c.o
 *fill*         0x0000000008007eba        0x2 
 .text.HAL_I2S_Init
                0x0000000008007ebc      0x280 Drivers/STM32F4xx_HAL_Driver/Src/stm32f4xx_hal_i2s.o
                0x0000000008007ebc                HAL_I2S_Init
 .text.HAL_I2S_Transmit_DMA
                0x000000000800813c      0x150 Drivers/STM32F4xx_HAL_Driver/Src/stm32f4xx_hal_i2s.o
                0x000000000800813c                HAL_I2S_Transmit_DMA
 .text.HAL_I2S_DMAPause
                0x000000000800828c       0xc4 Drivers/STM32F4xx_HAL_Driver/Src/stm32f4xx_hal_i2s.o
                0x000000000800828c                HAL_I2S_DMAPause
 .text.HAL_I2S_DMAResume
                0x0000000008008350      0x128 Drivers/STM32F4xx_HAL_Driver/Src/stm32f4xx_hal_i2s.o
                0x0000000008008350                HAL_I2S_DMAResume
 .text.HAL_I2S_DMAStop
                0x0000000008008478      0x3b4 Drivers/STM32F4xx_HAL_Driver/Src/stm32f4xx_hal_i2s.o
                0x0000000008008478                HAL_I2S_DMAStop
 .text.HAL_I2S_RxCpltCallback
                0x000000000800882c       0x14 Drivers/STM32F4xx_HAL_Driver/Src/stm32f4xx_hal_i2s.o
                0x000000000800882c                HAL_I2S_RxCpltCallback
 .text.HAL_I2S_GetState
                0x0000000008008840       0x1c Drivers/STM32F4xx_HAL_Driver/Src/stm32f4xx_hal_i2s.o
                0x0000000008008840                HAL_I2S_GetState
 .text.I2S_DMATxCplt
                0x000000000800885c       0x42 Drivers/STM32F4xx_HAL_Driver/Src/stm32f4xx_hal_i2s.o
 .text.I2S_DMATxHalfCplt
                0x000000000800889e       0x1c Drivers/STM32F4xx_HAL_Driver/Src/stm32f4xx_hal_i2s.o
 .text.I2S_DMAError
                0x00000000080088ba       0x4c Drivers/STM32F4xx_HAL_Driver/Src/stm32f4xx_hal_i2s.o
 .text.I2S_Transmit_IT
                0x0000000008008906       0x5c Drivers/STM32F4xx_HAL_Driver/Src/stm32f4xx_hal_i2s.o
 .text.I2S_Receive_IT
                0x0000000008008962       0x5e Drivers/STM32F4xx_HAL_Driver/Src/stm32f4xx_hal_i2s.o
 .text.I2S_IRQHandler
                0x00000000080089c0      0x114 Drivers/STM32F4xx_HAL_Driver/Src/stm32f4xx_hal_i2s.o
 .text.I2S_WaitFlagStateUntilTimeout
                0x0000000008008ad4       0x72 Drivers/STM32F4xx_HAL_Driver/Src/stm32f4xx_hal_i2s.o
 *fill*         0x0000000008008b46        0x2 
 .text.HAL_I2SEx_FullDuplex_IRQHandler
                0x0000000008008b48      0x2a8 Drivers/STM32F4xx_HAL_Driver/Src/stm32f4xx_hal_i2s_ex.o
                0x0000000008008b48                HAL_I2SEx_FullDuplex_IRQHandler
 .text.HAL_I2SEx_TxRxCpltCallback
                0x0000000008008df0       0x14 Drivers/STM32F4xx_HAL_Driver/Src/stm32f4xx_hal_i2s_ex.o
                0x0000000008008df0                HAL_I2SEx_TxRxCpltCallback
 .text.I2SEx_TxISR_I2S
                0x0000000008008e04       0x62 Drivers/STM32F4xx_HAL_Driver/Src/stm32f4xx_hal_i2s_ex.o
 *fill*         0x0000000008008e66        0x2 
 .text.I2SEx_TxISR_I2SExt
                0x0000000008008e68       0x98 Drivers/STM32F4xx_HAL_Driver/Src/stm32f4xx_hal_i2s_ex.o
 .text.I2SEx_RxISR_I2S
                0x0000000008008f00       0x64 Drivers/STM32F4xx_HAL_Driver/Src/stm32f4xx_hal_i2s_ex.o
 .text.I2SEx_RxISR_I2SExt
                0x0000000008008f64       0x98 Drivers/STM32F4xx_HAL_Driver/Src/stm32f4xx_hal_i2s_ex.o
 .text.HAL_RCC_OscConfig
                0x0000000008008ffc      0x4e0 Drivers/STM32F4xx_HAL_Driver/Src/stm32f4xx_hal_rcc.o
                0x0000000008008ffc                HAL_RCC_OscConfig
 .text.HAL_RCC_ClockConfig
                0x00000000080094dc      0x1cc Drivers/STM32F4xx_HAL_Driver/Src/stm32f4xx_hal_rcc.o
                0x00000000080094dc                HAL_RCC_ClockConfig
 .text.HAL_RCC_GetSysClockFreq
                0x00000000080096a8      0x1b0 Drivers/STM32F4xx_HAL_Driver/Src/stm32f4xx_hal_rcc.o
                0x00000000080096a8                HAL_RCC_GetSysClockFreq
 .text.HAL_RCC_GetHCLKFreq
                0x0000000008009858       0x18 Drivers/STM32F4xx_HAL_Driver/Src/stm32f4xx_hal_rcc.o
                0x0000000008009858                HAL_RCC_GetHCLKFreq
 .text.HAL_RCC_GetPCLK1Freq
                0x0000000008009870       0x28 Drivers/STM32F4xx_HAL_Driver/Src/stm32f4xx_hal_rcc.o
                0x0000000008009870                HAL_RCC_GetPCLK1Freq
 .text.HAL_RCC_GetPCLK2Freq
                0x0000000008009898       0x28 Drivers/STM32F4xx_HAL_Driver/Src/stm32f4xx_hal_rcc.o
                0x0000000008009898                HAL_RCC_GetPCLK2Freq
 .text.HAL_RCC_GetClockConfig
                0x00000000080098c0       0x64 Drivers/STM32F4xx_HAL_Driver/Src/stm32f4xx_hal_rcc.o
                0x00000000080098c0                HAL_RCC_GetClockConfig
 .text.HAL_RCCEx_PeriphCLKConfig
                0x0000000008009924      0x1c4 Drivers/STM32F4xx_HAL_Driver/Src/stm32f4xx_hal_rcc_ex.o
                0x0000000008009924                HAL_RCCEx_PeriphCLKConfig
 .text.HAL_RCCEx_GetPeriphCLKConfig
                0x0000000008009ae8       0x58 Drivers/STM32F4xx_HAL_Driver/Src/stm32f4xx_hal_rcc_ex.o
                0x0000000008009ae8                HAL_RCCEx_GetPeriphCLKConfig
 .text.HAL_RCCEx_GetPeriphCLKFreq
                0x0000000008009b40       0xb8 Drivers/STM32F4xx_HAL_Driver/Src/stm32f4xx_hal_rcc_ex.o
                0x0000000008009b40                HAL_RCCEx_GetPeriphCLKFreq
 .text.HAL_SPI_Init
                0x0000000008009bf8       0xc8 Drivers/STM32F4xx_HAL_Driver/Src/stm32f4xx_hal_spi.o
                0x0000000008009bf8                HAL_SPI_Init
 .text.HAL_SPI_DeInit
                0x0000000008009cc0       0x50 Drivers/STM32F4xx_HAL_Driver/Src/stm32f4xx_hal_spi.o
                0x0000000008009cc0                HAL_SPI_DeInit
 .text.HAL_SPI_Transmit
                0x0000000008009d10      0x268 Drivers/STM32F4xx_HAL_Driver/Src/stm32f4xx_hal_spi.o
                0x0000000008009d10                HAL_SPI_Transmit
 .text.HAL_SPI_Receive
                0x0000000008009f78      0x212 Drivers/STM32F4xx_HAL_Driver/Src/stm32f4xx_hal_spi.o
                0x0000000008009f78                HAL_SPI_Receive
 .text.HAL_SPI_TransmitReceive
                0x000000000800a18a      0x344 Drivers/STM32F4xx_HAL_Driver/Src/stm32f4xx_hal_spi.o
                0x000000000800a18a                HAL_SPI_TransmitReceive
 .text.SPI_WaitFlagStateUntilTimeout
                0x000000000800a4ce       0xd4 Drivers/STM32F4xx_HAL_Driver/Src/stm32f4xx_hal_spi.o
 .text.SPI_EndRxTransaction
                0x000000000800a5a2       0xca Drivers/STM32F4xx_HAL_Driver/Src/stm32f4xx_hal_spi.o
 .text.SPI_EndRxTxTransaction
                0x000000000800a66c       0x84 Drivers/STM32F4xx_HAL_Driver/Src/stm32f4xx_hal_spi.o
 .text.HAL_TIM_Base_Init
                0x000000000800a6f0       0x56 Drivers/STM32F4xx_HAL_Driver/Src/stm32f4xx_hal_tim.o
                0x000000000800a6f0                HAL_TIM_Base_Init
 .text.HAL_TIM_Base_MspInit
                0x000000000800a746       0x14 Drivers/STM32F4xx_HAL_Driver/Src/stm32f4xx_hal_tim.o
                0x000000000800a746                HAL_TIM_Base_MspInit
 .text.HAL_TIM_Base_Start_IT
                0x000000000800a75a       0x48 Drivers/STM32F4xx_HAL_Driver/Src/stm32f4xx_hal_tim.o
                0x000000000800a75a                HAL_TIM_Base_Start_IT
 .text.HAL_TIM_IRQHandler
                0x000000000800a7a2      0x210 Drivers/STM32F4xx_HAL_Driver/Src/stm32f4xx_hal_tim.o
                0x000000000800a7a2                HAL_TIM_IRQHandler
 .text.HAL_TIM_OC_DelayElapsedCallback
                0x000000000800a9b2       0x14 Drivers/STM32F4xx_HAL_Driver/Src/stm32f4xx_hal_tim.o
                0x000000000800a9b2                HAL_TIM_OC_DelayElapsedCallback
 .text.HAL_TIM_IC_CaptureCallback
                0x000000000800a9c6       0x14 Drivers/STM32F4xx_HAL_Driver/Src/stm32f4xx_hal_tim.o
                0x000000000800a9c6                HAL_TIM_IC_CaptureCallback
 .text.HAL_TIM_PWM_PulseFinishedCallback
                0x000000000800a9da       0x14 Drivers/STM32F4xx_HAL_Driver/Src/stm32f4xx_hal_tim.o
                0x000000000800a9da                HAL_TIM_PWM_PulseFinishedCallback
 .text.HAL_TIM_TriggerCallback
                0x000000000800a9ee       0x14 Drivers/STM32F4xx_HAL_Driver/Src/stm32f4xx_hal_tim.o
                0x000000000800a9ee                HAL_TIM_TriggerCallback
 *fill*         0x000000000800aa02        0x2 
 .text.TIM_Base_SetConfig
                0x000000000800aa04      0x140 Drivers/STM32F4xx_HAL_Driver/Src/stm32f4xx_hal_tim.o
                0x000000000800aa04                TIM_Base_SetConfig
 .text.HAL_TIMEx_CommutCallback
                0x000000000800ab44       0x14 Drivers/STM32F4xx_HAL_Driver/Src/stm32f4xx_hal_tim_ex.o
                0x000000000800ab44                HAL_TIMEx_CommutCallback
 .text.HAL_TIMEx_BreakCallback
                0x000000000800ab58       0x14 Drivers/STM32F4xx_HAL_Driver/Src/stm32f4xx_hal_tim_ex.o
                0x000000000800ab58                HAL_TIMEx_BreakCallback
 .text.HAL_UART_Init
                0x000000000800ab6c       0x9a Drivers/STM32F4xx_HAL_Driver/Src/stm32f4xx_hal_uart.o
                0x000000000800ab6c                HAL_UART_Init
 .text.HAL_UART_Transmit
                0x000000000800ac06      0x132 Drivers/STM32F4xx_HAL_Driver/Src/stm32f4xx_hal_uart.o
                0x000000000800ac06                HAL_UART_Transmit
 .text.UART_WaitOnFlagUntilTimeout
                0x000000000800ad38       0x94 Drivers/STM32F4xx_HAL_Driver/Src/stm32f4xx_hal_uart.o
 .text.UART_SetConfig
                0x000000000800adcc      0x6f8 Drivers/STM32F4xx_HAL_Driver/Src/stm32f4xx_hal_uart.o
 .text.pvPortMalloc
                0x000000000800b4c4      0x184 FreeRTOS/MemMang/heap_4.o
                0x000000000800b4c4                pvPortMalloc
 .text.vPortFree
                0x000000000800b648       0xb0 FreeRTOS/MemMang/heap_4.o
                0x000000000800b648                vPortFree
 .text.prvHeapInit
                0x000000000800b6f8       0xc4 FreeRTOS/MemMang/heap_4.o
 .text.prvInsertBlockIntoFreeList
                0x000000000800b7bc       0xb4 FreeRTOS/MemMang/heap_4.o
 .text.vListInitialise
                0x000000000800b870       0x40 FreeRTOS/list.o
                0x000000000800b870                vListInitialise
 .text.vListInitialiseItem
                0x000000000800b8b0       0x1a FreeRTOS/list.o
                0x000000000800b8b0                vListInitialiseItem
 .text.vListInsertEnd
                0x000000000800b8ca       0x48 FreeRTOS/list.o
                0x000000000800b8ca                vListInsertEnd
 .text.vListInsert
                0x000000000800b912       0x72 FreeRTOS/list.o
                0x000000000800b912                vListInsert
 .text.uxListRemove
                0x000000000800b984       0x54 FreeRTOS/list.o
                0x000000000800b984                uxListRemove
 .text.xQueueGenericReset
                0x000000000800b9d8       0xd0 FreeRTOS/queue.o
                0x000000000800b9d8                xQueueGenericReset
 .text.xQueueGenericCreate
                0x000000000800baa8       0xb8 FreeRTOS/queue.o
                0x000000000800baa8                xQueueGenericCreate
 .text.prvInitialiseNewQueue
                0x000000000800bb60       0x46 FreeRTOS/queue.o
 *fill*         0x000000000800bba6        0x2 
 .text.xQueueGenericSend
                0x000000000800bba8      0x1f4 FreeRTOS/queue.o
                0x000000000800bba8                xQueueGenericSend
 .text.xQueueGenericSendFromISR
                0x000000000800bd9c      0x14a FreeRTOS/queue.o
                0x000000000800bd9c                xQueueGenericSendFromISR
 .text.xQueueGiveFromISR
                0x000000000800bee6      0x12e FreeRTOS/queue.o
                0x000000000800bee6                xQueueGiveFromISR
 .text.xQueueReceive
                0x000000000800c014      0x1b8 FreeRTOS/queue.o
                0x000000000800c014                xQueueReceive
 .text.prvCopyDataToQueue
                0x000000000800c1cc       0xd4 FreeRTOS/queue.o
 .text.prvCopyDataFromQueue
                0x000000000800c2a0       0x4c FreeRTOS/queue.o
 .text.prvUnlockQueue
                0x000000000800c2ec       0xa4 FreeRTOS/queue.o
 .text.prvIsQueueEmpty
                0x000000000800c390       0x2c FreeRTOS/queue.o
 .text.prvIsQueueFull
                0x000000000800c3bc       0x30 FreeRTOS/queue.o
 .text.vQueueAddToRegistry
                0x000000000800c3ec       0x50 FreeRTOS/queue.o
                0x000000000800c3ec                vQueueAddToRegistry
 .text.vQueueWaitForMessageRestricted
                0x000000000800c43c       0x68 FreeRTOS/queue.o
                0x000000000800c43c                vQueueWaitForMessageRestricted
 .text.xTaskCreate
                0x000000000800c4a4       0x82 FreeRTOS/tasks.o
                0x000000000800c4a4                xTaskCreate
 .text.prvInitialiseNewTask
                0x000000000800c526      0x11c FreeRTOS/tasks.o
 *fill*         0x000000000800c642        0x2 
 .text.prvAddNewTaskToReadyList
                0x000000000800c644       0xdc FreeRTOS/tasks.o
 .text.vTaskDelay
                0x000000000800c720       0x68 FreeRTOS/tasks.o
                0x000000000800c720                vTaskDelay
 .text.vTaskStartScheduler
                0x000000000800c788       0x98 FreeRTOS/tasks.o
                0x000000000800c788                vTaskStartScheduler
 .text.vTaskSuspendAll
                0x000000000800c820       0x1c FreeRTOS/tasks.o
                0x000000000800c820                vTaskSuspendAll
 .text.xTaskResumeAll
                0x000000000800c83c      0x138 FreeRTOS/tasks.o
                0x000000000800c83c                xTaskResumeAll
 .text.xTaskGetTickCount
                0x000000000800c974       0x20 FreeRTOS/tasks.o
                0x000000000800c974                xTaskGetTickCount
 .text.xTaskIncrementTick
                0x000000000800c994      0x170 FreeRTOS/tasks.o
                0x000000000800c994                xTaskIncrementTick
 .text.vTaskSwitchContext
                0x000000000800cb04       0xb4 FreeRTOS/tasks.o
                0x000000000800cb04                vTaskSwitchContext
 .text.vTaskPlaceOnEventList
                0x000000000800cbb8       0x48 FreeRTOS/tasks.o
                0x000000000800cbb8                vTaskPlaceOnEventList
 .text.vTaskPlaceOnEventListRestricted
                0x000000000800cc00       0x54 FreeRTOS/tasks.o
                0x000000000800cc00                vTaskPlaceOnEventListRestricted
 .text.xTaskRemoveFromEventList
                0x000000000800cc54       0xc4 FreeRTOS/tasks.o
                0x000000000800cc54                xTaskRemoveFromEventList
 .text.vTaskInternalSetTimeOutState
                0x000000000800cd18       0x2c FreeRTOS/tasks.o
                0x000000000800cd18                vTaskInternalSetTimeOutState
 .text.xTaskCheckForTimeOut
                0x000000000800cd44       0xc0 FreeRTOS/tasks.o
                0x000000000800cd44                xTaskCheckForTimeOut
 .text.vTaskMissedYield
                0x000000000800ce04       0x18 FreeRTOS/tasks.o
                0x000000000800ce04                vTaskMissedYield
 .text.prvIdleTask
                0x000000000800ce1c       0x30 FreeRTOS/tasks.o
 .text.prvInitialiseTaskLists
                0x000000000800ce4c       0x80 FreeRTOS/tasks.o
 .text.prvCheckTasksWaitingTermination
                0x000000000800cecc       0x58 FreeRTOS/tasks.o
 .text.prvDeleteTCB
                0x000000000800cf24       0x20 FreeRTOS/tasks.o
 .text.prvResetNextTaskUnblockTime
                0x000000000800cf44       0x40 FreeRTOS/tasks.o
 .text.xTaskGetSchedulerState
                0x000000000800cf84       0x3c FreeRTOS/tasks.o
                0x000000000800cf84                xTaskGetSchedulerState
 .text.xTaskPriorityDisinherit
                0x000000000800cfc0      0x108 FreeRTOS/tasks.o
                0x000000000800cfc0                xTaskPriorityDisinherit
 .text.prvAddCurrentTaskToDelayedList
                0x000000000800d0c8       0xcc FreeRTOS/tasks.o
 .text.xTimerCreateTimerTask
                0x000000000800d194       0x64 FreeRTOS/timers.o
                0x000000000800d194                xTimerCreateTimerTask
 .text.xTimerGenericCommand
                0x000000000800d1f8       0x98 FreeRTOS/timers.o
                0x000000000800d1f8                xTimerGenericCommand
 .text.prvProcessExpiredTimer
                0x000000000800d290       0x98 FreeRTOS/timers.o
 .text.prvTimerTask
                0x000000000800d328       0x24 FreeRTOS/timers.o
 .text.prvProcessTimerOrBlockTask
                0x000000000800d34c       0x9c FreeRTOS/timers.o
 .text.prvGetNextExpireTime
                0x000000000800d3e8       0x48 FreeRTOS/timers.o
 .text.prvSampleTimeNow
                0x000000000800d430       0x40 FreeRTOS/timers.o
 .text.prvInsertTimerInActiveList
                0x000000000800d470       0x84 FreeRTOS/timers.o
 .text.prvProcessReceivedCommands
                0x000000000800d4f4      0x188 FreeRTOS/timers.o
 .text.prvSwitchTimerLists
                0x000000000800d67c       0xc8 FreeRTOS/timers.o
 .text.prvCheckForValidListAndQueue
                0x000000000800d744       0x6c FreeRTOS/timers.o
 .text.pxPortInitialiseStack
                0x000000000800d7b0       0x68 FreeRTOS/portable/ARM_CM4F/port.o
                0x000000000800d7b0                pxPortInitialiseStack
 .text.prvTaskExitError
                0x000000000800d818       0x54 FreeRTOS/portable/ARM_CM4F/port.o
 *fill*         0x000000000800d86c        0x4 
 .text.SVC_Handler
                0x000000000800d870       0x28 FreeRTOS/portable/ARM_CM4F/port.o
                0x000000000800d870                SVC_Handler
 .text.prvPortStartFirstTask
                0x000000000800d898       0x28 FreeRTOS/portable/ARM_CM4F/port.o
 .text.xPortStartScheduler
                0x000000000800d8c0      0x13c FreeRTOS/portable/ARM_CM4F/port.o
                0x000000000800d8c0                xPortStartScheduler
 .text.vPortEnterCritical
                0x000000000800d9fc       0x5c FreeRTOS/portable/ARM_CM4F/port.o
                0x000000000800d9fc                vPortEnterCritical
 .text.vPortExitCritical
                0x000000000800da58       0x50 FreeRTOS/portable/ARM_CM4F/port.o
                0x000000000800da58                vPortExitCritical
 *fill*         0x000000000800daa8        0x8 
 .text.PendSV_Handler
                0x000000000800dab0       0x68 FreeRTOS/portable/ARM_CM4F/port.o
                0x000000000800dab0                PendSV_Handler
 .text.SysTick_Handler
                0x000000000800db18       0x40 FreeRTOS/portable/ARM_CM4F/port.o
                0x000000000800db18                SysTick_Handler
 .text.vPortSetupTimerInterrupt
                0x000000000800db58       0x48 FreeRTOS/portable/ARM_CM4F/port.o
                0x000000000800db58                vPortSetupTimerInterrupt
 .text.vPortEnableVFP
                0x000000000800dba0       0x14 FreeRTOS/portable/ARM_CM4F/port.o
 .text.vPortValidateInterruptPriority
                0x000000000800dbb4       0x7c FreeRTOS/portable/ARM_CM4F/port.o
                0x000000000800dbb4                vPortValidateInterruptPriority
 .text.__errno  0x000000000800dc30        0xc /opt/st/stm32cubeide_1.5.1/plugins/com.st.stm32cube.ide.mcu.externaltools.gnu-tools-for-stm32.7-2018-q2-update.linux64_1.5.0.202011040924/tools/bin/../lib/gcc/arm-none-eabi/7.3.1/../../../../arm-none-eabi/lib/thumb/v7e-m/fpv4-sp/hard/libc_nano.a(lib_a-errno.o)
                0x000000000800dc30                __errno
 .text.__libc_init_array
                0x000000000800dc3c       0x48 /opt/st/stm32cubeide_1.5.1/plugins/com.st.stm32cube.ide.mcu.externaltools.gnu-tools-for-stm32.7-2018-q2-update.linux64_1.5.0.202011040924/tools/bin/../lib/gcc/arm-none-eabi/7.3.1/../../../../arm-none-eabi/lib/thumb/v7e-m/fpv4-sp/hard/libc_nano.a(lib_a-init.o)
                0x000000000800dc3c                __libc_init_array
 .text.memcmp   0x000000000800dc84       0x1e /opt/st/stm32cubeide_1.5.1/plugins/com.st.stm32cube.ide.mcu.externaltools.gnu-tools-for-stm32.7-2018-q2-update.linux64_1.5.0.202011040924/tools/bin/../lib/gcc/arm-none-eabi/7.3.1/../../../../arm-none-eabi/lib/thumb/v7e-m/fpv4-sp/hard/libc_nano.a(lib_a-memcmp.o)
                0x000000000800dc84                memcmp
 .text.memcpy   0x000000000800dca2       0x16 /opt/st/stm32cubeide_1.5.1/plugins/com.st.stm32cube.ide.mcu.externaltools.gnu-tools-for-stm32.7-2018-q2-update.linux64_1.5.0.202011040924/tools/bin/../lib/gcc/arm-none-eabi/7.3.1/../../../../arm-none-eabi/lib/thumb/v7e-m/fpv4-sp/hard/libc_nano.a(lib_a-memcpy-stub.o)
                0x000000000800dca2                memcpy
 .text.memset   0x000000000800dcb8       0x10 /opt/st/stm32cubeide_1.5.1/plugins/com.st.stm32cube.ide.mcu.externaltools.gnu-tools-for-stm32.7-2018-q2-update.linux64_1.5.0.202011040924/tools/bin/../lib/gcc/arm-none-eabi/7.3.1/../../../../arm-none-eabi/lib/thumb/v7e-m/fpv4-sp/hard/libc_nano.a(lib_a-memset.o)
                0x000000000800dcb8                memset
 .text.printf   0x000000000800dcc8       0x30 /opt/st/stm32cubeide_1.5.1/plugins/com.st.stm32cube.ide.mcu.externaltools.gnu-tools-for-stm32.7-2018-q2-update.linux64_1.5.0.202011040924/tools/bin/../lib/gcc/arm-none-eabi/7.3.1/../../../../arm-none-eabi/lib/thumb/v7e-m/fpv4-sp/hard/libc_nano.a(lib_a-printf.o)
                0x000000000800dcc8                printf
                0x000000000800dcc8                iprintf
 .text._puts_r  0x000000000800dcf8       0xb8 /opt/st/stm32cubeide_1.5.1/plugins/com.st.stm32cube.ide.mcu.externaltools.gnu-tools-for-stm32.7-2018-q2-update.linux64_1.5.0.202011040924/tools/bin/../lib/gcc/arm-none-eabi/7.3.1/../../../../arm-none-eabi/lib/thumb/v7e-m/fpv4-sp/hard/libc_nano.a(lib_a-puts.o)
                0x000000000800dcf8                _puts_r
 .text.puts     0x000000000800ddb0       0x10 /opt/st/stm32cubeide_1.5.1/plugins/com.st.stm32cube.ide.mcu.externaltools.gnu-tools-for-stm32.7-2018-q2-update.linux64_1.5.0.202011040924/tools/bin/../lib/gcc/arm-none-eabi/7.3.1/../../../../arm-none-eabi/lib/thumb/v7e-m/fpv4-sp/hard/libc_nano.a(lib_a-puts.o)
                0x000000000800ddb0                puts
 .text.strncpy  0x000000000800ddc0       0x2a /opt/st/stm32cubeide_1.5.1/plugins/com.st.stm32cube.ide.mcu.externaltools.gnu-tools-for-stm32.7-2018-q2-update.linux64_1.5.0.202011040924/tools/bin/../lib/gcc/arm-none-eabi/7.3.1/../../../../arm-none-eabi/lib/thumb/v7e-m/fpv4-sp/hard/libc_nano.a(lib_a-strncpy.o)
                0x000000000800ddc0                strncpy
 .text.strstr   0x000000000800ddea       0x34 /opt/st/stm32cubeide_1.5.1/plugins/com.st.stm32cube.ide.mcu.externaltools.gnu-tools-for-stm32.7-2018-q2-update.linux64_1.5.0.202011040924/tools/bin/../lib/gcc/arm-none-eabi/7.3.1/../../../../arm-none-eabi/lib/thumb/v7e-m/fpv4-sp/hard/libc_nano.a(lib_a-strstr.o)
                0x000000000800ddea                strstr
 *fill*         0x000000000800de1e        0x2 
 .text.__swbuf_r
                0x000000000800de20       0xa4 /opt/st/stm32cubeide_1.5.1/plugins/com.st.stm32cube.ide.mcu.externaltools.gnu-tools-for-stm32.7-2018-q2-update.linux64_1.5.0.202011040924/tools/bin/../lib/gcc/arm-none-eabi/7.3.1/../../../../arm-none-eabi/lib/thumb/v7e-m/fpv4-sp/hard/libc_nano.a(lib_a-wbuf.o)
                0x000000000800de20                __swbuf_r
 .text.__swsetup_r
                0x000000000800dec4       0xdc /opt/st/stm32cubeide_1.5.1/plugins/com.st.stm32cube.ide.mcu.externaltools.gnu-tools-for-stm32.7-2018-q2-update.linux64_1.5.0.202011040924/tools/bin/../lib/gcc/arm-none-eabi/7.3.1/../../../../arm-none-eabi/lib/thumb/v7e-m/fpv4-sp/hard/libc_nano.a(lib_a-wsetup.o)
                0x000000000800dec4                __swsetup_r
 .text.__sflush_r
                0x000000000800dfa0      0x10c /opt/st/stm32cubeide_1.5.1/plugins/com.st.stm32cube.ide.mcu.externaltools.gnu-tools-for-stm32.7-2018-q2-update.linux64_1.5.0.202011040924/tools/bin/../lib/gcc/arm-none-eabi/7.3.1/../../../../arm-none-eabi/lib/thumb/v7e-m/fpv4-sp/hard/libc_nano.a(lib_a-fflush.o)
                0x000000000800dfa0                __sflush_r
 .text._fflush_r
                0x000000000800e0ac       0x54 /opt/st/stm32cubeide_1.5.1/plugins/com.st.stm32cube.ide.mcu.externaltools.gnu-tools-for-stm32.7-2018-q2-update.linux64_1.5.0.202011040924/tools/bin/../lib/gcc/arm-none-eabi/7.3.1/../../../../arm-none-eabi/lib/thumb/v7e-m/fpv4-sp/hard/libc_nano.a(lib_a-fflush.o)
                0x000000000800e0ac                _fflush_r
 .text.std      0x000000000800e100       0x48 /opt/st/stm32cubeide_1.5.1/plugins/com.st.stm32cube.ide.mcu.externaltools.gnu-tools-for-stm32.7-2018-q2-update.linux64_1.5.0.202011040924/tools/bin/../lib/gcc/arm-none-eabi/7.3.1/../../../../arm-none-eabi/lib/thumb/v7e-m/fpv4-sp/hard/libc_nano.a(lib_a-findfp.o)
 .text._cleanup_r
                0x000000000800e148        0xc /opt/st/stm32cubeide_1.5.1/plugins/com.st.stm32cube.ide.mcu.externaltools.gnu-tools-for-stm32.7-2018-q2-update.linux64_1.5.0.202011040924/tools/bin/../lib/gcc/arm-none-eabi/7.3.1/../../../../arm-none-eabi/lib/thumb/v7e-m/fpv4-sp/hard/libc_nano.a(lib_a-findfp.o)
                0x000000000800e148                _cleanup_r
 .text.__sfmoreglue
                0x000000000800e154       0x2c /opt/st/stm32cubeide_1.5.1/plugins/com.st.stm32cube.ide.mcu.externaltools.gnu-tools-for-stm32.7-2018-q2-update.linux64_1.5.0.202011040924/tools/bin/../lib/gcc/arm-none-eabi/7.3.1/../../../../arm-none-eabi/lib/thumb/v7e-m/fpv4-sp/hard/libc_nano.a(lib_a-findfp.o)
                0x000000000800e154                __sfmoreglue
 .text.__sinit  0x000000000800e180       0x60 /opt/st/stm32cubeide_1.5.1/plugins/com.st.stm32cube.ide.mcu.externaltools.gnu-tools-for-stm32.7-2018-q2-update.linux64_1.5.0.202011040924/tools/bin/../lib/gcc/arm-none-eabi/7.3.1/../../../../arm-none-eabi/lib/thumb/v7e-m/fpv4-sp/hard/libc_nano.a(lib_a-findfp.o)
                0x000000000800e180                __sinit
 .text.__sfp    0x000000000800e1e0       0x78 /opt/st/stm32cubeide_1.5.1/plugins/com.st.stm32cube.ide.mcu.externaltools.gnu-tools-for-stm32.7-2018-q2-update.linux64_1.5.0.202011040924/tools/bin/../lib/gcc/arm-none-eabi/7.3.1/../../../../arm-none-eabi/lib/thumb/v7e-m/fpv4-sp/hard/libc_nano.a(lib_a-findfp.o)
                0x000000000800e1e0                __sfp
 .text._fwalk_reent
                0x000000000800e258       0x3c /opt/st/stm32cubeide_1.5.1/plugins/com.st.stm32cube.ide.mcu.externaltools.gnu-tools-for-stm32.7-2018-q2-update.linux64_1.5.0.202011040924/tools/bin/../lib/gcc/arm-none-eabi/7.3.1/../../../../arm-none-eabi/lib/thumb/v7e-m/fpv4-sp/hard/libc_nano.a(lib_a-fwalk.o)
                0x000000000800e258                _fwalk_reent
 .text.__swhatbuf_r
                0x000000000800e294       0x48 /opt/st/stm32cubeide_1.5.1/plugins/com.st.stm32cube.ide.mcu.externaltools.gnu-tools-for-stm32.7-2018-q2-update.linux64_1.5.0.202011040924/tools/bin/../lib/gcc/arm-none-eabi/7.3.1/../../../../arm-none-eabi/lib/thumb/v7e-m/fpv4-sp/hard/libc_nano.a(lib_a-makebuf.o)
                0x000000000800e294                __swhatbuf_r
 .text.__smakebuf_r
                0x000000000800e2dc       0x80 /opt/st/stm32cubeide_1.5.1/plugins/com.st.stm32cube.ide.mcu.externaltools.gnu-tools-for-stm32.7-2018-q2-update.linux64_1.5.0.202011040924/tools/bin/../lib/gcc/arm-none-eabi/7.3.1/../../../../arm-none-eabi/lib/thumb/v7e-m/fpv4-sp/hard/libc_nano.a(lib_a-makebuf.o)
                0x000000000800e2dc                __smakebuf_r
 .text._free_r  0x000000000800e35c       0x9c /opt/st/stm32cubeide_1.5.1/plugins/com.st.stm32cube.ide.mcu.externaltools.gnu-tools-for-stm32.7-2018-q2-update.linux64_1.5.0.202011040924/tools/bin/../lib/gcc/arm-none-eabi/7.3.1/../../../../arm-none-eabi/lib/thumb/v7e-m/fpv4-sp/hard/libc_nano.a(lib_a-nano-freer.o)
                0x000000000800e35c                _free_r
 .text._malloc_r
                0x000000000800e3f8       0xb4 /opt/st/stm32cubeide_1.5.1/plugins/com.st.stm32cube.ide.mcu.externaltools.gnu-tools-for-stm32.7-2018-q2-update.linux64_1.5.0.202011040924/tools/bin/../lib/gcc/arm-none-eabi/7.3.1/../../../../arm-none-eabi/lib/thumb/v7e-m/fpv4-sp/hard/libc_nano.a(lib_a-nano-mallocr.o)
                0x000000000800e3f8                _malloc_r
 .text.__sfputc_r
                0x000000000800e4ac       0x2e /opt/st/stm32cubeide_1.5.1/plugins/com.st.stm32cube.ide.mcu.externaltools.gnu-tools-for-stm32.7-2018-q2-update.linux64_1.5.0.202011040924/tools/bin/../lib/gcc/arm-none-eabi/7.3.1/../../../../arm-none-eabi/lib/thumb/v7e-m/fpv4-sp/hard/libc_nano.a(lib_a-nano-vfprintf.o)
 .text.__sfputs_r
                0x000000000800e4da       0x24 /opt/st/stm32cubeide_1.5.1/plugins/com.st.stm32cube.ide.mcu.externaltools.gnu-tools-for-stm32.7-2018-q2-update.linux64_1.5.0.202011040924/tools/bin/../lib/gcc/arm-none-eabi/7.3.1/../../../../arm-none-eabi/lib/thumb/v7e-m/fpv4-sp/hard/libc_nano.a(lib_a-nano-vfprintf.o)
                0x000000000800e4da                __sfputs_r
 *fill*         0x000000000800e4fe        0x2 
 .text._vfprintf_r
                0x000000000800e500      0x22c /opt/st/stm32cubeide_1.5.1/plugins/com.st.stm32cube.ide.mcu.externaltools.gnu-tools-for-stm32.7-2018-q2-update.linux64_1.5.0.202011040924/tools/bin/../lib/gcc/arm-none-eabi/7.3.1/../../../../arm-none-eabi/lib/thumb/v7e-m/fpv4-sp/hard/libc_nano.a(lib_a-nano-vfprintf.o)
                0x000000000800e500                _vfiprintf_r
                0x000000000800e500                _vfprintf_r
 .text._printf_common
                0x000000000800e72c       0xea /opt/st/stm32cubeide_1.5.1/plugins/com.st.stm32cube.ide.mcu.externaltools.gnu-tools-for-stm32.7-2018-q2-update.linux64_1.5.0.202011040924/tools/bin/../lib/gcc/arm-none-eabi/7.3.1/../../../../arm-none-eabi/lib/thumb/v7e-m/fpv4-sp/hard/libc_nano.a(lib_a-nano-vfprintf_i.o)
                0x000000000800e72c                _printf_common
 *fill*         0x000000000800e816        0x2 
 .text._printf_i
                0x000000000800e818      0x224 /opt/st/stm32cubeide_1.5.1/plugins/com.st.stm32cube.ide.mcu.externaltools.gnu-tools-for-stm32.7-2018-q2-update.linux64_1.5.0.202011040924/tools/bin/../lib/gcc/arm-none-eabi/7.3.1/../../../../arm-none-eabi/lib/thumb/v7e-m/fpv4-sp/hard/libc_nano.a(lib_a-nano-vfprintf_i.o)
                0x000000000800e818                _printf_i
 .text._sbrk_r  0x000000000800ea3c       0x20 /opt/st/stm32cubeide_1.5.1/plugins/com.st.stm32cube.ide.mcu.externaltools.gnu-tools-for-stm32.7-2018-q2-update.linux64_1.5.0.202011040924/tools/bin/../lib/gcc/arm-none-eabi/7.3.1/../../../../arm-none-eabi/lib/thumb/v7e-m/fpv4-sp/hard/libc_nano.a(lib_a-sbrkr.o)
                0x000000000800ea3c                _sbrk_r
 .text.__sread  0x000000000800ea5c       0x22 /opt/st/stm32cubeide_1.5.1/plugins/com.st.stm32cube.ide.mcu.externaltools.gnu-tools-for-stm32.7-2018-q2-update.linux64_1.5.0.202011040924/tools/bin/../lib/gcc/arm-none-eabi/7.3.1/../../../../arm-none-eabi/lib/thumb/v7e-m/fpv4-sp/hard/libc_nano.a(lib_a-stdio.o)
                0x000000000800ea5c                __sread
 .text.__swrite
                0x000000000800ea7e       0x38 /opt/st/stm32cubeide_1.5.1/plugins/com.st.stm32cube.ide.mcu.externaltools.gnu-tools-for-stm32.7-2018-q2-update.linux64_1.5.0.202011040924/tools/bin/../lib/gcc/arm-none-eabi/7.3.1/../../../../arm-none-eabi/lib/thumb/v7e-m/fpv4-sp/hard/libc_nano.a(lib_a-stdio.o)
                0x000000000800ea7e                __swrite
 .text.__sseek  0x000000000800eab6       0x24 /opt/st/stm32cubeide_1.5.1/plugins/com.st.stm32cube.ide.mcu.externaltools.gnu-tools-for-stm32.7-2018-q2-update.linux64_1.5.0.202011040924/tools/bin/../lib/gcc/arm-none-eabi/7.3.1/../../../../arm-none-eabi/lib/thumb/v7e-m/fpv4-sp/hard/libc_nano.a(lib_a-stdio.o)
                0x000000000800eab6                __sseek
 .text.__sclose
                0x000000000800eada        0x8 /opt/st/stm32cubeide_1.5.1/plugins/com.st.stm32cube.ide.mcu.externaltools.gnu-tools-for-stm32.7-2018-q2-update.linux64_1.5.0.202011040924/tools/bin/../lib/gcc/arm-none-eabi/7.3.1/../../../../arm-none-eabi/lib/thumb/v7e-m/fpv4-sp/hard/libc_nano.a(lib_a-stdio.o)
                0x000000000800eada                __sclose
 *fill*         0x000000000800eae2        0x2 
 .text._write_r
                0x000000000800eae4       0x24 /opt/st/stm32cubeide_1.5.1/plugins/com.st.stm32cube.ide.mcu.externaltools.gnu-tools-for-stm32.7-2018-q2-update.linux64_1.5.0.202011040924/tools/bin/../lib/gcc/arm-none-eabi/7.3.1/../../../../arm-none-eabi/lib/thumb/v7e-m/fpv4-sp/hard/libc_nano.a(lib_a-writer.o)
                0x000000000800eae4                _write_r
 .text._close_r
                0x000000000800eb08       0x20 /opt/st/stm32cubeide_1.5.1/plugins/com.st.stm32cube.ide.mcu.externaltools.gnu-tools-for-stm32.7-2018-q2-update.linux64_1.5.0.202011040924/tools/bin/../lib/gcc/arm-none-eabi/7.3.1/../../../../arm-none-eabi/lib/thumb/v7e-m/fpv4-sp/hard/libc_nano.a(lib_a-closer.o)
                0x000000000800eb08                _close_r
 .text._fstat_r
                0x000000000800eb28       0x24 /opt/st/stm32cubeide_1.5.1/plugins/com.st.stm32cube.ide.mcu.externaltools.gnu-tools-for-stm32.7-2018-q2-update.linux64_1.5.0.202011040924/tools/bin/../lib/gcc/arm-none-eabi/7.3.1/../../../../arm-none-eabi/lib/thumb/v7e-m/fpv4-sp/hard/libc_nano.a(lib_a-fstatr.o)
                0x000000000800eb28                _fstat_r
 .text._isatty_r
                0x000000000800eb4c       0x20 /opt/st/stm32cubeide_1.5.1/plugins/com.st.stm32cube.ide.mcu.externaltools.gnu-tools-for-stm32.7-2018-q2-update.linux64_1.5.0.202011040924/tools/bin/../lib/gcc/arm-none-eabi/7.3.1/../../../../arm-none-eabi/lib/thumb/v7e-m/fpv4-sp/hard/libc_nano.a(lib_a-isattyr.o)
                0x000000000800eb4c                _isatty_r
 .text._lseek_r
                0x000000000800eb6c       0x24 /opt/st/stm32cubeide_1.5.1/plugins/com.st.stm32cube.ide.mcu.externaltools.gnu-tools-for-stm32.7-2018-q2-update.linux64_1.5.0.202011040924/tools/bin/../lib/gcc/arm-none-eabi/7.3.1/../../../../arm-none-eabi/lib/thumb/v7e-m/fpv4-sp/hard/libc_nano.a(lib_a-lseekr.o)
                0x000000000800eb6c                _lseek_r
 .text.__malloc_lock
                0x000000000800eb90        0x2 /opt/st/stm32cubeide_1.5.1/plugins/com.st.stm32cube.ide.mcu.externaltools.gnu-tools-for-stm32.7-2018-q2-update.linux64_1.5.0.202011040924/tools/bin/../lib/gcc/arm-none-eabi/7.3.1/../../../../arm-none-eabi/lib/thumb/v7e-m/fpv4-sp/hard/libc_nano.a(lib_a-mlock.o)
                0x000000000800eb90                __malloc_lock
 .text.__malloc_unlock
                0x000000000800eb92        0x2 /opt/st/stm32cubeide_1.5.1/plugins/com.st.stm32cube.ide.mcu.externaltools.gnu-tools-for-stm32.7-2018-q2-update.linux64_1.5.0.202011040924/tools/bin/../lib/gcc/arm-none-eabi/7.3.1/../../../../arm-none-eabi/lib/thumb/v7e-m/fpv4-sp/hard/libc_nano.a(lib_a-mlock.o)
                0x000000000800eb92                __malloc_unlock
 .text._read_r  0x000000000800eb94       0x24 /opt/st/stm32cubeide_1.5.1/plugins/com.st.stm32cube.ide.mcu.externaltools.gnu-tools-for-stm32.7-2018-q2-update.linux64_1.5.0.202011040924/tools/bin/../lib/gcc/arm-none-eabi/7.3.1/../../../../arm-none-eabi/lib/thumb/v7e-m/fpv4-sp/hard/libc_nano.a(lib_a-readr.o)
                0x000000000800eb94                _read_r
 *(.glue_7)
 .glue_7        0x000000000800ebb8        0x0 linker stubs
 *(.glue_7t)
 .glue_7t       0x000000000800ebb8        0x0 linker stubs
 *(.eh_frame)
 .eh_frame      0x000000000800ebb8        0x0 /opt/st/stm32cubeide_1.5.1/plugins/com.st.stm32cube.ide.mcu.externaltools.gnu-tools-for-stm32.7-2018-q2-update.linux64_1.5.0.202011040924/tools/bin/../lib/gcc/arm-none-eabi/7.3.1/thumb/v7e-m/fpv4-sp/hard/crtbegin.o
 *(.init)
 .init          0x000000000800ebb8        0x4 /opt/st/stm32cubeide_1.5.1/plugins/com.st.stm32cube.ide.mcu.externaltools.gnu-tools-for-stm32.7-2018-q2-update.linux64_1.5.0.202011040924/tools/bin/../lib/gcc/arm-none-eabi/7.3.1/thumb/v7e-m/fpv4-sp/hard/crti.o
                0x000000000800ebb8                _init
 .init          0x000000000800ebbc        0x8 /opt/st/stm32cubeide_1.5.1/plugins/com.st.stm32cube.ide.mcu.externaltools.gnu-tools-for-stm32.7-2018-q2-update.linux64_1.5.0.202011040924/tools/bin/../lib/gcc/arm-none-eabi/7.3.1/thumb/v7e-m/fpv4-sp/hard/crtn.o
 *(.fini)
 .fini          0x000000000800ebc4        0x4 /opt/st/stm32cubeide_1.5.1/plugins/com.st.stm32cube.ide.mcu.externaltools.gnu-tools-for-stm32.7-2018-q2-update.linux64_1.5.0.202011040924/tools/bin/../lib/gcc/arm-none-eabi/7.3.1/thumb/v7e-m/fpv4-sp/hard/crti.o
                0x000000000800ebc4                _fini
 .fini          0x000000000800ebc8        0x8 /opt/st/stm32cubeide_1.5.1/plugins/com.st.stm32cube.ide.mcu.externaltools.gnu-tools-for-stm32.7-2018-q2-update.linux64_1.5.0.202011040924/tools/bin/../lib/gcc/arm-none-eabi/7.3.1/thumb/v7e-m/fpv4-sp/hard/crtn.o
                0x000000000800ebd0                . = ALIGN (0x4)
                0x000000000800ebd0                _etext = .

.vfp11_veneer   0x000000000800ebd0        0x0
 .vfp11_veneer  0x000000000800ebd0        0x0 linker stubs

.v4_bx          0x000000000800ebd0        0x0
 .v4_bx         0x000000000800ebd0        0x0 linker stubs

.iplt           0x000000000800ebd0        0x0
 .iplt          0x000000000800ebd0        0x0 /opt/st/stm32cubeide_1.5.1/plugins/com.st.stm32cube.ide.mcu.externaltools.gnu-tools-for-stm32.7-2018-q2-update.linux64_1.5.0.202011040924/tools/bin/../lib/gcc/arm-none-eabi/7.3.1/thumb/v7e-m/fpv4-sp/hard/crtbegin.o

.rodata         0x000000000800ebd0      0x498
                0x000000000800ebd0                . = ALIGN (0x4)
 *(.rodata)
 .rodata        0x000000000800ebd0        0x8 Core/Src/File_Handling.o
 .rodata        0x000000000800ebd8       0x2b Core/Src/fatfs.o
 *fill*         0x000000000800ec03        0x1 
 .rodata        0x000000000800ec04       0x44 Core/Src/ff.o
 .rodata        0x000000000800ec48      0x117 Core/Src/fops.o
 *fill*         0x000000000800ed5f        0x1 
 .rodata        0x000000000800ed60       0xd2 Core/Src/main.o
 *fill*         0x000000000800ee32        0x2 
 .rodata        0x000000000800ee34       0x2e Core/Src/user_diskio.o
 *fill*         0x000000000800ee62        0x2 
 .rodata        0x000000000800ee64       0x59 FreeRTOS/tasks.o
 *fill*         0x000000000800eebd        0x3 
 .rodata        0x000000000800eec0        0xd FreeRTOS/timers.o
 *(.rodata*)
 *fill*         0x000000000800eecd        0x3 
 .rodata.I2SFreq
                0x000000000800eed0       0x20 Core/Src/AUDIO.o
                0x000000000800eed0                I2SFreq
 .rodata.I2SPLLN
                0x000000000800eef0       0x20 Core/Src/AUDIO.o
                0x000000000800eef0                I2SPLLN
 .rodata.I2SPLLR
                0x000000000800ef10       0x20 Core/Src/AUDIO.o
                0x000000000800ef10                I2SPLLR
 .rodata.ExCvt  0x000000000800ef30       0x80 Core/Src/ff.o
 .rodata.AHBPrescTable
                0x000000000800efb0       0x10 Core/Src/system_stm32f4xx.o
                0x000000000800efb0                AHBPrescTable
 .rodata.APBPrescTable
                0x000000000800efc0        0x8 Core/Src/system_stm32f4xx.o
                0x000000000800efc0                APBPrescTable
 .rodata.flagBitshiftOffset.8604
                0x000000000800efc8        0x8 Drivers/STM32F4xx_HAL_Driver/Src/stm32f4xx_hal_dma.o
 .rodata._global_impure_ptr
                0x000000000800efd0        0x4 /opt/st/stm32cubeide_1.5.1/plugins/com.st.stm32cube.ide.mcu.externaltools.gnu-tools-for-stm32.7-2018-q2-update.linux64_1.5.0.202011040924/tools/bin/../lib/gcc/arm-none-eabi/7.3.1/../../../../arm-none-eabi/lib/thumb/v7e-m/fpv4-sp/hard/libc_nano.a(lib_a-impure.o)
                0x000000000800efd0                _global_impure_ptr
 .rodata.__sf_fake_stderr
                0x000000000800efd4       0x20 /opt/st/stm32cubeide_1.5.1/plugins/com.st.stm32cube.ide.mcu.externaltools.gnu-tools-for-stm32.7-2018-q2-update.linux64_1.5.0.202011040924/tools/bin/../lib/gcc/arm-none-eabi/7.3.1/../../../../arm-none-eabi/lib/thumb/v7e-m/fpv4-sp/hard/libc_nano.a(lib_a-findfp.o)
                0x000000000800efd4                __sf_fake_stderr
 .rodata.__sf_fake_stdin
                0x000000000800eff4       0x20 /opt/st/stm32cubeide_1.5.1/plugins/com.st.stm32cube.ide.mcu.externaltools.gnu-tools-for-stm32.7-2018-q2-update.linux64_1.5.0.202011040924/tools/bin/../lib/gcc/arm-none-eabi/7.3.1/../../../../arm-none-eabi/lib/thumb/v7e-m/fpv4-sp/hard/libc_nano.a(lib_a-findfp.o)
                0x000000000800eff4                __sf_fake_stdin
 .rodata.__sf_fake_stdout
                0x000000000800f014       0x20 /opt/st/stm32cubeide_1.5.1/plugins/com.st.stm32cube.ide.mcu.externaltools.gnu-tools-for-stm32.7-2018-q2-update.linux64_1.5.0.202011040924/tools/bin/../lib/gcc/arm-none-eabi/7.3.1/../../../../arm-none-eabi/lib/thumb/v7e-m/fpv4-sp/hard/libc_nano.a(lib_a-findfp.o)
                0x000000000800f014                __sf_fake_stdout
 .rodata._vfprintf_r.str1.1
                0x000000000800f034       0x11 /opt/st/stm32cubeide_1.5.1/plugins/com.st.stm32cube.ide.mcu.externaltools.gnu-tools-for-stm32.7-2018-q2-update.linux64_1.5.0.202011040924/tools/bin/../lib/gcc/arm-none-eabi/7.3.1/../../../../arm-none-eabi/lib/thumb/v7e-m/fpv4-sp/hard/libc_nano.a(lib_a-nano-vfprintf.o)
 .rodata._printf_i.str1.1
                0x000000000800f045       0x22 /opt/st/stm32cubeide_1.5.1/plugins/com.st.stm32cube.ide.mcu.externaltools.gnu-tools-for-stm32.7-2018-q2-update.linux64_1.5.0.202011040924/tools/bin/../lib/gcc/arm-none-eabi/7.3.1/../../../../arm-none-eabi/lib/thumb/v7e-m/fpv4-sp/hard/libc_nano.a(lib_a-nano-vfprintf_i.o)
                0x000000000800f068                . = ALIGN (0x4)
 *fill*         0x000000000800f067        0x1 

.ARM.extab      0x000000000800f068        0x0
                0x000000000800f068                . = ALIGN (0x4)
 *(.ARM.extab* .gnu.linkonce.armextab.*)
                0x000000000800f068                . = ALIGN (0x4)

.ARM            0x000000000800f068        0x8
                0x000000000800f068                . = ALIGN (0x4)
                0x000000000800f068                __exidx_start = .
 *(.ARM.exidx*)
 .ARM.exidx     0x000000000800f068        0x8 /opt/st/stm32cubeide_1.5.1/plugins/com.st.stm32cube.ide.mcu.externaltools.gnu-tools-for-stm32.7-2018-q2-update.linux64_1.5.0.202011040924/tools/bin/../lib/gcc/arm-none-eabi/7.3.1/thumb/v7e-m/fpv4-sp/hard/libgcc.a(_udivmoddi4.o)
                0x000000000800f070                __exidx_end = .
                0x000000000800f070                . = ALIGN (0x4)

.rel.dyn        0x000000000800f070        0x0
 .rel.iplt      0x000000000800f070        0x0 /opt/st/stm32cubeide_1.5.1/plugins/com.st.stm32cube.ide.mcu.externaltools.gnu-tools-for-stm32.7-2018-q2-update.linux64_1.5.0.202011040924/tools/bin/../lib/gcc/arm-none-eabi/7.3.1/thumb/v7e-m/fpv4-sp/hard/crtbegin.o

.preinit_array  0x000000000800f070        0x0
                0x000000000800f070                . = ALIGN (0x4)
                0x000000000800f070                PROVIDE (__preinit_array_start = .)
 *(.preinit_array*)
                0x000000000800f070                PROVIDE (__preinit_array_end = .)
                0x000000000800f070                . = ALIGN (0x4)

.init_array     0x000000000800f070        0x4
                0x000000000800f070                . = ALIGN (0x4)
                0x000000000800f070                PROVIDE (__init_array_start = .)
 *(SORT_BY_NAME(.init_array.*))
 *(.init_array*)
 .init_array    0x000000000800f070        0x4 /opt/st/stm32cubeide_1.5.1/plugins/com.st.stm32cube.ide.mcu.externaltools.gnu-tools-for-stm32.7-2018-q2-update.linux64_1.5.0.202011040924/tools/bin/../lib/gcc/arm-none-eabi/7.3.1/thumb/v7e-m/fpv4-sp/hard/crtbegin.o
                0x000000000800f074                PROVIDE (__init_array_end = .)
                0x000000000800f074                . = ALIGN (0x4)

.fini_array     0x000000000800f074        0x4
                0x000000000800f074                . = ALIGN (0x4)
                [!provide]                        PROVIDE (__fini_array_start = .)
 *(SORT_BY_NAME(.fini_array.*))
 *(.fini_array*)
 .fini_array    0x000000000800f074        0x4 /opt/st/stm32cubeide_1.5.1/plugins/com.st.stm32cube.ide.mcu.externaltools.gnu-tools-for-stm32.7-2018-q2-update.linux64_1.5.0.202011040924/tools/bin/../lib/gcc/arm-none-eabi/7.3.1/thumb/v7e-m/fpv4-sp/hard/crtbegin.o
                [!provide]                        PROVIDE (__fini_array_end = .)
                0x000000000800f078                . = ALIGN (0x4)
                0x000000000800f078                _sidata = LOADADDR (.data)

.data           0x0000000020000000       0xc8 load address 0x000000000800f078
                0x0000000020000000                . = ALIGN (0x4)
                0x0000000020000000                _sdata = .
 *(.data)
 *(.data*)
 .data.I2cxTimeout
                0x0000000020000000        0x4 Core/Src/AUDIO_LINK.o
                0x0000000020000000                I2cxTimeout
 .data.cs43l22_drv
                0x0000000020000004       0x30 Core/Src/cs43l22.o
                0x0000000020000004                cs43l22_drv
 .data.Is_cs43l22_Stop
                0x0000000020000034        0x1 Core/Src/cs43l22.o
 .data.flag     0x0000000020000035        0x1 Core/Src/main.o
                0x0000000020000035                flag
 *fill*         0x0000000020000036        0x2 
 .data.SystemCoreClock
                0x0000000020000038        0x4 Core/Src/system_stm32f4xx.o
                0x0000000020000038                SystemCoreClock
 .data.Stat     0x000000002000003c        0x1 Core/Src/user_diskio.o
 *fill*         0x000000002000003d        0x3 
 .data.USER_Driver
                0x0000000020000040       0x14 Core/Src/user_diskio.o
                0x0000000020000040                USER_Driver
 .data.uwVolume
                0x0000000020000054        0x4 Core/Src/waveplayer.o
 .data.uwTickPrio
                0x0000000020000058        0x4 Drivers/STM32F4xx_HAL_Driver/Src/stm32f4xx_hal.o
                0x0000000020000058                uwTickPrio
 .data.uwTickFreq
                0x000000002000005c        0x1 Drivers/STM32F4xx_HAL_Driver/Src/stm32f4xx_hal.o
                0x000000002000005c                uwTickFreq
 *fill*         0x000000002000005d        0x3 
 .data.uxCriticalNesting
                0x0000000020000060        0x4 FreeRTOS/portable/ARM_CM4F/port.o
 .data._impure_ptr
                0x0000000020000064        0x4 /opt/st/stm32cubeide_1.5.1/plugins/com.st.stm32cube.ide.mcu.externaltools.gnu-tools-for-stm32.7-2018-q2-update.linux64_1.5.0.202011040924/tools/bin/../lib/gcc/arm-none-eabi/7.3.1/../../../../arm-none-eabi/lib/thumb/v7e-m/fpv4-sp/hard/libc_nano.a(lib_a-impure.o)
                0x0000000020000064                _impure_ptr
 .data.impure_data
                0x0000000020000068       0x60 /opt/st/stm32cubeide_1.5.1/plugins/com.st.stm32cube.ide.mcu.externaltools.gnu-tools-for-stm32.7-2018-q2-update.linux64_1.5.0.202011040924/tools/bin/../lib/gcc/arm-none-eabi/7.3.1/../../../../arm-none-eabi/lib/thumb/v7e-m/fpv4-sp/hard/libc_nano.a(lib_a-impure.o)
 *(.RamFunc)
 *(.RamFunc*)
                0x00000000200000c8                . = ALIGN (0x4)
                0x00000000200000c8                _edata = .

.igot.plt       0x00000000200000c8        0x0 load address 0x000000000800f140
 .igot.plt      0x00000000200000c8        0x0 /opt/st/stm32cubeide_1.5.1/plugins/com.st.stm32cube.ide.mcu.externaltools.gnu-tools-for-stm32.7-2018-q2-update.linux64_1.5.0.202011040924/tools/bin/../lib/gcc/arm-none-eabi/7.3.1/thumb/v7e-m/fpv4-sp/hard/crtbegin.o
                0x00000000200000c8                . = ALIGN (0x4)

.bss            0x00000000200000c8    0x14c78 load address 0x000000000800f140
                0x00000000200000c8                _sbss = .
                0x00000000200000c8                __bss_start__ = _sbss
 *(.bss)
 .bss           0x00000000200000c8       0x1c /opt/st/stm32cubeide_1.5.1/plugins/com.st.stm32cube.ide.mcu.externaltools.gnu-tools-for-stm32.7-2018-q2-update.linux64_1.5.0.202011040924/tools/bin/../lib/gcc/arm-none-eabi/7.3.1/thumb/v7e-m/fpv4-sp/hard/crtbegin.o
 *(.bss*)
 .bss.pAudioDrv
                0x00000000200000e4        0x4 Core/Src/AUDIO.o
 .bss.hdma_i2sTx.8670
                0x00000000200000e8       0x60 Core/Src/AUDIO.o
 .bss.I2cHandle
                0x0000000020000148       0x54 Core/Src/AUDIO_LINK.o
 .bss.NumObs    0x000000002000019c        0x2 Core/Src/File_Handling.o
                0x000000002000019c                NumObs
 .bss.OutputDev
                0x000000002000019e        0x1 Core/Src/cs43l22.o
                0x000000002000019e                OutputDev
 *fill*         0x000000002000019f        0x1 
 .bss.FatFs     0x00000000200001a0        0x4 Core/Src/ff.o
 .bss.Fsid      0x00000000200001a4        0x2 Core/Src/ff.o
 *fill*         0x00000000200001a6        0x2 
 .bss.Files     0x00000000200001a8       0x10 Core/Src/ff.o
 .bss.disk      0x00000000200001b8        0xc Core/Src/ff_gen_drv.o
                0x00000000200001b8                disk
 .bss.SD_Type   0x00000000200001c4        0x1 Core/Src/mmc_sd.o
                0x00000000200001c4                SD_Type
 *fill*         0x00000000200001c5        0x3 
 .bss.__sbrk_heap_end
                0x00000000200001c8        0x4 Core/Src/sysmem.o
 .bss.BufferCtl
                0x00000000200001cc     0x1008 Core/Src/waveplayer.o
 .bss.FilePos   0x00000000200011d4        0x2 Core/Src/waveplayer.o
 *fill*         0x00000000200011d6        0x2 
 .bss.ucHeap    0x00000000200011d8    0x12c00 FreeRTOS/MemMang/heap_4.o
 .bss.xStart    0x0000000020013dd8        0x8 FreeRTOS/MemMang/heap_4.o
 .bss.pxEnd     0x0000000020013de0        0x4 FreeRTOS/MemMang/heap_4.o
 .bss.xFreeBytesRemaining
                0x0000000020013de4        0x4 FreeRTOS/MemMang/heap_4.o
 .bss.xMinimumEverFreeBytesRemaining
                0x0000000020013de8        0x4 FreeRTOS/MemMang/heap_4.o
 .bss.xBlockAllocatedBit
                0x0000000020013dec        0x4 FreeRTOS/MemMang/heap_4.o
 .bss.pxCurrentTCB
                0x0000000020013df0        0x4 FreeRTOS/tasks.o
                0x0000000020013df0                pxCurrentTCB
 .bss.pxReadyTasksLists
                0x0000000020013df4      0x12c FreeRTOS/tasks.o
 .bss.xDelayedTaskList1
                0x0000000020013f20       0x14 FreeRTOS/tasks.o
 .bss.xDelayedTaskList2
                0x0000000020013f34       0x14 FreeRTOS/tasks.o
 .bss.pxDelayedTaskList
                0x0000000020013f48        0x4 FreeRTOS/tasks.o
 .bss.pxOverflowDelayedTaskList
                0x0000000020013f4c        0x4 FreeRTOS/tasks.o
 .bss.xPendingReadyList
                0x0000000020013f50       0x14 FreeRTOS/tasks.o
 .bss.xTasksWaitingTermination
                0x0000000020013f64       0x14 FreeRTOS/tasks.o
 .bss.uxDeletedTasksWaitingCleanUp
                0x0000000020013f78        0x4 FreeRTOS/tasks.o
 .bss.xSuspendedTaskList
                0x0000000020013f7c       0x14 FreeRTOS/tasks.o
 .bss.uxCurrentNumberOfTasks
                0x0000000020013f90        0x4 FreeRTOS/tasks.o
 .bss.xTickCount
                0x0000000020013f94        0x4 FreeRTOS/tasks.o
 .bss.uxTopReadyPriority
                0x0000000020013f98        0x4 FreeRTOS/tasks.o
 .bss.xSchedulerRunning
                0x0000000020013f9c        0x4 FreeRTOS/tasks.o
 .bss.uxPendedTicks
                0x0000000020013fa0        0x4 FreeRTOS/tasks.o
 .bss.xYieldPending
                0x0000000020013fa4        0x4 FreeRTOS/tasks.o
 .bss.xNumOfOverflows
                0x0000000020013fa8        0x4 FreeRTOS/tasks.o
 .bss.uxTaskNumber
                0x0000000020013fac        0x4 FreeRTOS/tasks.o
 .bss.xNextTaskUnblockTime
                0x0000000020013fb0        0x4 FreeRTOS/tasks.o
 .bss.xIdleTaskHandle
                0x0000000020013fb4        0x4 FreeRTOS/tasks.o
 .bss.uxSchedulerSuspended
                0x0000000020013fb8        0x4 FreeRTOS/tasks.o
 .bss.xActiveTimerList1
                0x0000000020013fbc       0x14 FreeRTOS/timers.o
 .bss.xActiveTimerList2
                0x0000000020013fd0       0x14 FreeRTOS/timers.o
 .bss.pxCurrentTimerList
                0x0000000020013fe4        0x4 FreeRTOS/timers.o
 .bss.pxOverflowTimerList
                0x0000000020013fe8        0x4 FreeRTOS/timers.o
 .bss.xTimerQueue
                0x0000000020013fec        0x4 FreeRTOS/timers.o