main.c:98:6:SD_RdWrTest	16	static
main.c:119:5:main	32	static
main.c:193:6:SystemClock_Config	104	static
main.c:241:13:MX_I2C1_Init	8	static
main.c:273:13:MX_I2S3_Init	8	static
main.c:305:6:MX_SPI1_Init	8	static
main.c:341:13:MX_UART4_Init	8	static
main.c:370:13:MX_DMA_Init	16	static
main.c:387:13:MX_GPIO_Init	56	static
main.c:503:6:Task4	16	static
main.c:511:6:Task3	16	static
main.c:522:6:HAL_GPIO_EXTI_Callback	24	static,ignoring_inline_asm
main.c:553:6:HAL_TIM_PeriodElapsedCallback	16	static
main.c:569:6:Error_Handler	4	static,ignoring_inline_asm
